Component: Arm Compiler for Embedded 6.21 Tool: armlink [5ec1fa00]

==============================================================================

Section Cross References

    startup_stm32f103xb.o(RESET) refers to startup_stm32f103xb.o(STACK) for __initial_sp
    startup_stm32f103xb.o(RESET) refers to startup_stm32f103xb.o(.text) for Reset_Handler
    startup_stm32f103xb.o(RESET) refers to stm32f1xx_it.o(.text.NMI_Handler) for NMI_Handler
    startup_stm32f103xb.o(RESET) refers to stm32f1xx_it.o(.text.HardFault_Handler) for HardFault_Handler
    startup_stm32f103xb.o(RESET) refers to stm32f1xx_it.o(.text.MemManage_Handler) for MemManage_Handler
    startup_stm32f103xb.o(RESET) refers to stm32f1xx_it.o(.text.BusFault_Handler) for BusFault_Handler
    startup_stm32f103xb.o(RESET) refers to stm32f1xx_it.o(.text.UsageFault_Handler) for UsageFault_Handler
    startup_stm32f103xb.o(RESET) refers to stm32f1xx_it.o(.text.SVC_Handler) for SVC_Handler
    startup_stm32f103xb.o(RESET) refers to stm32f1xx_it.o(.text.DebugMon_Handler) for DebugMon_Handler
    startup_stm32f103xb.o(RESET) refers to stm32f1xx_it.o(.text.PendSV_Handler) for PendSV_Handler
    startup_stm32f103xb.o(RESET) refers to stm32f1xx_it.o(.text.SysTick_Handler) for SysTick_Handler
    startup_stm32f103xb.o(RESET) refers to stm32f1xx_it.o(.text.DMA1_Channel1_IRQHandler) for DMA1_Channel1_IRQHandler
    startup_stm32f103xb.o(RESET) refers to stm32f1xx_it.o(.text.ADC1_2_IRQHandler) for ADC1_2_IRQHandler
    startup_stm32f103xb.o(RESET) refers to stm32f1xx_it.o(.text.USART1_IRQHandler) for USART1_IRQHandler
    startup_stm32f103xb.o(.text) refers to system_stm32f1xx.o(.text.SystemInit) for SystemInit
    startup_stm32f103xb.o(.text) refers to entry.o(.ARM.Collect$$$$00000000) for __main
    oled.o(.text.OLED_W_SCL) refers to stm32f1xx_hal_gpio.o(.text.HAL_GPIO_WritePin) for HAL_GPIO_WritePin
    oled.o(.ARM.exidx.text.OLED_W_SCL) refers to oled.o(.text.OLED_W_SCL) for [Anonymous Symbol]
    oled.o(.text.OLED_W_SDA) refers to stm32f1xx_hal_gpio.o(.text.HAL_GPIO_WritePin) for HAL_GPIO_WritePin
    oled.o(.ARM.exidx.text.OLED_W_SDA) refers to oled.o(.text.OLED_W_SDA) for [Anonymous Symbol]
    oled.o(.text.OLED_GPIO_Init) refers to stm32f1xx_hal_gpio.o(.text.HAL_GPIO_Init) for HAL_GPIO_Init
    oled.o(.text.OLED_GPIO_Init) refers to stm32f1xx_hal_gpio.o(.text.HAL_GPIO_WritePin) for HAL_GPIO_WritePin
    oled.o(.ARM.exidx.text.OLED_GPIO_Init) refers to oled.o(.text.OLED_GPIO_Init) for [Anonymous Symbol]
    oled.o(.text.OLED_I2C_Start) refers to stm32f1xx_hal_gpio.o(.text.HAL_GPIO_WritePin) for HAL_GPIO_WritePin
    oled.o(.ARM.exidx.text.OLED_I2C_Start) refers to oled.o(.text.OLED_I2C_Start) for [Anonymous Symbol]
    oled.o(.text.OLED_I2C_Stop) refers to stm32f1xx_hal_gpio.o(.text.HAL_GPIO_WritePin) for HAL_GPIO_WritePin
    oled.o(.ARM.exidx.text.OLED_I2C_Stop) refers to oled.o(.text.OLED_I2C_Stop) for [Anonymous Symbol]
    oled.o(.text.OLED_I2C_SendByte) refers to stm32f1xx_hal_gpio.o(.text.HAL_GPIO_WritePin) for HAL_GPIO_WritePin
    oled.o(.ARM.exidx.text.OLED_I2C_SendByte) refers to oled.o(.text.OLED_I2C_SendByte) for [Anonymous Symbol]
    oled.o(.text.OLED_WriteCommand) refers to oled.o(.text.OLED_I2C_Start) for OLED_I2C_Start
    oled.o(.text.OLED_WriteCommand) refers to oled.o(.text.OLED_I2C_SendByte) for OLED_I2C_SendByte
    oled.o(.text.OLED_WriteCommand) refers to oled.o(.text.OLED_I2C_Stop) for OLED_I2C_Stop
    oled.o(.ARM.exidx.text.OLED_WriteCommand) refers to oled.o(.text.OLED_WriteCommand) for [Anonymous Symbol]
    oled.o(.text.OLED_WriteData) refers to oled.o(.text.OLED_I2C_Start) for OLED_I2C_Start
    oled.o(.text.OLED_WriteData) refers to oled.o(.text.OLED_I2C_SendByte) for OLED_I2C_SendByte
    oled.o(.text.OLED_WriteData) refers to oled.o(.text.OLED_I2C_Stop) for OLED_I2C_Stop
    oled.o(.ARM.exidx.text.OLED_WriteData) refers to oled.o(.text.OLED_WriteData) for [Anonymous Symbol]
    oled.o(.text.OLED_Init) refers to oled.o(.text.OLED_GPIO_Init) for OLED_GPIO_Init
    oled.o(.text.OLED_Init) refers to oled.o(.text.OLED_I2C_Start) for OLED_I2C_Start
    oled.o(.text.OLED_Init) refers to oled.o(.text.OLED_I2C_SendByte) for OLED_I2C_SendByte
    oled.o(.text.OLED_Init) refers to oled.o(.text.OLED_I2C_Stop) for OLED_I2C_Stop
    oled.o(.text.OLED_Init) refers to oled.o(.bss.OLED_DisplayBuf) for OLED_DisplayBuf
    oled.o(.text.OLED_Init) refers to memseta.o(.text) for __aeabi_memclr4
    oled.o(.text.OLED_Init) refers to oled.o(.text.OLED_Update) for OLED_Update
    oled.o(.ARM.exidx.text.OLED_Init) refers to oled.o(.text.OLED_Init) for [Anonymous Symbol]
    oled.o(.text.OLED_Clear) refers to oled.o(.bss.OLED_DisplayBuf) for OLED_DisplayBuf
    oled.o(.text.OLED_Clear) refers to memseta.o(.text) for __aeabi_memclr4
    oled.o(.ARM.exidx.text.OLED_Clear) refers to oled.o(.text.OLED_Clear) for [Anonymous Symbol]
[...]
    system_stm32f1xx.c                       0x00000000   Number         0  system_stm32f1xx.o ABSOLUTE
    usart.c                                  0x00000000   Number         0  usart.o ABSOLUTE
    RESET                                    0x08000000   Section      236  startup_stm32f103xb.o(RESET)
    .ARM.Collect$$$$00000000                 0x080000ec   Section        0  entry.o(.ARM.Collect$$$$00000000)
    .ARM.Collect$$$$00000001                 0x080000ec   Section        4  entry2.o(.ARM.Collect$$$$00000001)
    .ARM.Collect$$$$00000004                 0x080000f0   Section        4  entry5.o(.ARM.Collect$$$$00000004)
    .ARM.Collect$$$$00000008                 0x080000f4   Section        0  entry7b.o(.ARM.Collect$$$$00000008)
    .ARM.Collect$$$$0000000A                 0x080000f4   Section        0  entry8b.o(.ARM.Collect$$$$0000000A)
    .ARM.Collect$$$$0000000B                 0x080000f4   Section        8  entry9a.o(.ARM.Collect$$$$0000000B)
    __lit__00000000                          0x080000fc   Data           4  entry2.o(.ARM.Collect$$$$00002712)
    .ARM.Collect$$$$0000000D                 0x080000fc   Section        0  entry10a.o(.ARM.Collect$$$$0000000D)
    .ARM.Collect$$$$0000000F                 0x080000fc   Section        0  entry11a.o(.ARM.Collect$$$$0000000F)
    .ARM.Collect$$$$00002712                 0x080000fc   Section        4  entry2.o(.ARM.Collect$$$$00002712)
    .text                                    0x08000100   Section       36  startup_stm32f103xb.o(.text)
    .text                                    0x08000124   Section        0  memseta.o(.text)
    .text                                    0x08000148   Section        0  strncpy.o(.text)
    .text                                    0x08000160   Section        0  strchr.o(.text)
    .text                                    0x08000174   Section        0  strlen.o(.text)
    .text                                    0x08000182   Section        0  strcmp.o(.text)
    .text                                    0x0800019e   Section        0  memcmp.o(.text)
    .text                                    0x080001b8   Section        0  fadd.o(.text)
    .text                                    0x08000268   Section        0  fmul.o(.text)
    .text                                    0x080002cc   Section        0  fdiv.o(.text)
    .text                                    0x08000348   Section        0  dadd.o(.text)
    .text                                    0x08000496   Section        0  dmul.o(.text)
    .text                                    0x0800057a   Section        0  ddiv.o(.text)
    .text                                    0x08000658   Section        0  fcmple.o(.text)
    .text                                    0x08000674   Section        0  fcmplt.o(.text)
    .text                                    0x08000690   Section        0  fcmpge.o(.text)
    .text                                    0x080006ac   Section        0  fcmpgt.o(.text)
    .text                                    0x080006c8   Section        0  fflti.o(.text)
    .text                                    0x080006da   Section        0  ffltui.o(.text)
    .text                                    0x080006e4   Section        0  dflti.o(.text)
    .text                                    0x08000706   Section        0  ffixi.o(.text)
    .text                                    0x08000738   Section        0  dfixi.o(.text)
    .text                                    0x08000776   Section        0  f2d.o(.text)
    .text                                    0x0800079c   Section        0  d2f.o(.text)
    .text                                    0x080007d4   Section        0  uidiv.o(.text)
    .text                                    0x08000800   Section        0  uldiv.o(.text)
    .text                                    0x08000862   Section        0  llshl.o(.text)
    .text                                    0x08000880   Section        0  llushr.o(.text)
    .text                                    0x080008a0   Section        0  llsshr.o(.text)
    _local_sscanf                            0x080008c5   Thumb Code    62  strtod.o(.text)
    .text                                    0x080008c4   Section        0  strtod.o(.text)
    .text                                    0x0800096c   Section        0  iusefp.o(.text)
    .text                                    0x0800096c   Section        0  fepilogue.o(.text)
    .text                                    0x080009da   Section        0  fscalb.o(.text)
    .text                                    0x080009f2   Section        0  frnd.o(.text)
    .text                                    0x08000a2e   Section        0  depilogue.o(.text)
    .text                                    0x08000ae8   Section        0  dfixul.o(.text)
    .text                                    0x08000b18   Section       48  cdrcmple.o(.text)
    .text                                    0x08000b48   Section       48  init.o(.text)
    .text                                    0x08000b78   Section        0  isspace_c.o(.text)
    _fp_value                                0x08000b85   Thumb Code   296  scanf_fp.o(.text)
    .text                                    0x08000b84   Section        0  scanf_fp.o(.text)
    .text                                    0x08000ee4   Section        0  _sgetc.o(.text)
    .text                                    0x08000f24   Section        0  ctype_c.o(.text)
    .text                                    0x08000f4c   Section        0  dfltul.o(.text)
    [Anonymous Symbol]                       0x08000f64   Section        0  stm32f1xx_it.o(.text.ADC1_2_IRQHandler)
    [Anonymous Symbol]                       0x08000f70   Section        0  stm32f1xx_hal_adc.o(.text.ADC_ConversionStop_Disable)
    [Anonymous Symbol]                       0x08000fc4   Section        0  stm32f1xx_hal_adc.o(.text.ADC_DMAConvCplt)
    [Anonymous Symbol]                       0x08001018   Section        0  stm32f1xx_hal_adc.o(.text.ADC_DMAError)
    [Anonymous Symbol]                       0x08001030   Section        0  stm32f1xx_hal_adc.o(.text.ADC_DMAHalfConvCplt)
    [Anonymous Symbol]                       0x08001038   Section        0  stm32f1xx_hal_adc.o(.text.ADC_Enable)
    [Anonymous Symbol]                       0x080010e8   Section        0  alarm_config.o(.text.AlarmConfig_Init)
    [Anonymous Symbol]                       0x08001124   Section        0  alarm_config.o(.text.AlarmConfig_ParseCommand)
    [Anonymous Symbol]                       0x08001474   Section        0  stm32f1xx_it.o(.text.BusFault_Handler)
    [Anonymous Symbol]                       0x08001478   Section        0  main.o(.text.Check_Alarm)
    [Anonymous Symbol]                       0x08001814   Section        0  stm32f1xx_it.o(.text.DMA1_Channel1_IRQHandler)
    [Anonymous Symbol]                       0x08001820   Section        0  ds18b20.o(.text.DS18B20_Check)
    [Anonymous Symbol]                       0x080019a0   Section        0  ds18b20.o(.text.DS18B20_Get_Temperature)
    [Anonymous Symbol]                       0x08001ae4   Section        0  ds18b20.o(.text.DS18B20_Init)
    [Anonymous Symbol]                       0x08001b44   Section        0  ds18b20.o(.text.DS18B20_Read_Bit)
    [Anonymous Symbol]                       0x08001cd4   Section        0  ds18b20.o(.text.DS18B20_Rst)
    [Anonymous Symbol]                       0x08001df0   Section        0  ds18b20.o(.text.DS18B20_Write_Byte)
    [Anonymous Symbol]                       0x08001fe4   Section        0  stm32f1xx_it.o(.text.DebugMon_Handler)
    [Anonymous Symbol]                       0x08001fe8   Section        0  main.o(.text.Display_Update)
    [Anonymous Symbol]                       0x080021a0   Section        0  main.o(.text.Error_Handler)
    [Anonymous Symbol]                       0x080021cc   Section        0  fire_prediction.o(.text.FirePredictor_AnalyzeTrend)
    [Anonymous Symbol]                       0x080027f4   Section        0  fire_prediction.o(.text.FirePredictor_CalculateRisk)
    [Anonymous Symbol]                       0x08002bd8   Section        0  fire_prediction.o(.text.FirePredictor_Init)
    [Anonymous Symbol]                       0x08002be4   Section        0  fire_prediction.o(.text.FirePredictor_Update)
    [Anonymous Symbol]                       0x08002d24   Section        0  stm32f1xx_hal_adc_ex.o(.text.HAL_ADCEx_Calibration_Start)
    [Anonymous Symbol]                       0x08002e34   Section        0  stm32f1xx_hal_adc_ex.o(.text.HAL_ADCEx_InjectedConvCpltCallback)
    [Anonymous Symbol]                       0x08002e38   Section        0  stm32f1xx_hal_adc.o(.text.HAL_ADC_ConfigChannel)
    [Anonymous Symbol]                       0x08002fb0   Section        0  main.o(.text.HAL_ADC_ConvCpltCallback)
    [Anonymous Symbol]                       0x08002fd8   Section        0  stm32f1xx_hal_adc.o(.text.HAL_ADC_ConvHalfCpltCallback)
    [Anonymous Symbol]                       0x08002fdc   Section        0  stm32f1xx_hal_adc.o(.text.HAL_ADC_ErrorCallback)
    [Anonymous Symbol]                       0x08002fe0   Section        0  stm32f1xx_hal_adc.o(.text.HAL_ADC_IRQHandler)
    [Anonymous Symbol]                       0x080030d0   Section        0  stm32f1xx_hal_adc.o(.text.HAL_ADC_Init)
    [Anonymous Symbol]                       0x08003230   Section        0  stm32f1xx_hal_adc.o(.text.HAL_ADC_LevelOutOfWindowCallback)
    [Anonymous Symbol]                       0x08003234   Section        0  adc.o(.text.HAL_ADC_MspInit)
    [Anonymous Symbol]                       0x080032e8   Section        0  stm32f1xx_hal_adc.o(.text.HAL_ADC_Start_DMA)
    [Anonymous Symbol]                       0x08003404   Section        0  stm32f1xx_hal_dma.o(.text.HAL_DMA_Abort)
    [Anonymous Symbol]                       0x0800344c   Section        0  stm32f1xx_hal_dma.o(.text.HAL_DMA_Abort_IT)
    [Anonymous Symbol]                       0x08003500   Section        0  stm32f1xx_hal_dma.o(.text.HAL_DMA_IRQHandler)
    [Anonymous Symbol]                       0x080036a0   Section        0  stm32f1xx_hal_dma.o(.text.HAL_DMA_Init)
    [Anonymous Symbol]                       0x08003728   Section        0  stm32f1xx_hal_dma.o(.text.HAL_DMA_Start_IT)
    [Anonymous Symbol]                       0x080037c8   Section        0  stm32f1xx_hal.o(.text.HAL_Delay)
    [Anonymous Symbol]                       0x080037f0   Section        0  stm32f1xx_hal_gpio.o(.text.HAL_GPIO_Init)
    [Anonymous Symbol]                       0x08003a00   Section        0  stm32f1xx_hal_gpio.o(.text.HAL_GPIO_ReadPin)
    [Anonymous Symbol]                       0x08003a0c   Section        0  stm32f1xx_hal_gpio.o(.text.HAL_GPIO_TogglePin)
    [Anonymous Symbol]                       0x08003a1c   Section        0  stm32f1xx_hal_gpio.o(.text.HAL_GPIO_WritePin)
    [Anonymous Symbol]                       0x08003a28   Section        0  stm32f1xx_hal.o(.text.HAL_GetTick)
    [Anonymous Symbol]                       0x08003a34   Section        0  stm32f1xx_hal.o(.text.HAL_IncTick)
    [Anonymous Symbol]                       0x08003a50   Section        0  stm32f1xx_hal.o(.text.HAL_Init)
    [Anonymous Symbol]                       0x08003a78   Section        0  stm32f1xx_hal.o(.text.HAL_InitTick)
    [Anonymous Symbol]                       0x08003ac0   Section        0  stm32f1xx_hal_msp.o(.text.HAL_MspInit)
    [Anonymous Symbol]                       0x08003b04   Section        0  stm32f1xx_hal_cortex.o(.text.HAL_NVIC_EnableIRQ)
    [Anonymous Symbol]                       0x08003b28   Section        0  stm32f1xx_hal_cortex.o(.text.HAL_NVIC_SetPriority)
    [Anonymous Symbol]                       0x08003b80   Section        0  stm32f1xx_hal_cortex.o(.text.HAL_NVIC_SetPriorityGrouping)
    [Anonymous Symbol]                       0x08003ba0   Section        0  stm32f1xx_hal_rcc_ex.o(.text.HAL_RCCEx_GetPeriphCLKFreq)
    HAL_RCCEx_GetPeriphCLKFreq.aPLLMULFactorTable 0x08003c84   Number         0  stm32f1xx_hal_rcc_ex.o(.text.HAL_RCCEx_GetPeriphCLKFreq)
    HAL_RCCEx_GetPeriphCLKFreq.aPredivFactorTable 0x08003c94   Number         0  stm32f1xx_hal_rcc_ex.o(.text.HAL_RCCEx_GetPeriphCLKFreq)
    [Anonymous Symbol]                       0x08003c98   Section        0  stm32f1xx_hal_rcc_ex.o(.text.HAL_RCCEx_PeriphCLKConfig)
    [Anonymous Symbol]                       0x08003d9c   Section        0  stm32f1xx_hal_rcc.o(.text.HAL_RCC_ClockConfig)
    [Anonymous Symbol]                       0x08003f60   Section        0  stm32f1xx_hal_rcc.o(.text.HAL_RCC_GetPCLK1Freq)
    [Anonymous Symbol]                       0x08003f88   Section        0  stm32f1xx_hal_rcc.o(.text.HAL_RCC_GetPCLK2Freq)
    [Anonymous Symbol]                       0x08003fb0   Section        0  stm32f1xx_hal_rcc.o(.text.HAL_RCC_OscConfig)
    [Anonymous Symbol]                       0x080043b0   Section        0  stm32f1xx_hal_cortex.o(.text.HAL_SYSTICK_Config)
    [Anonymous Symbol]                       0x080043dc   Section        0  stm32f1xx_hal_uart.o(.text.HAL_UARTEx_RxEventCallback)
    [Anonymous Symbol]                       0x080043e0   Section        0  main.o(.text.HAL_UART_ErrorCallback)
    [Anonymous Symbol]                       0x08004440   Section        0  stm32f1xx_hal_uart.o(.text.HAL_UART_IRQHandler)
    [Anonymous Symbol]                       0x080049b0   Section        0  stm32f1xx_hal_uart.o(.text.HAL_UART_Init)
    [Anonymous Symbol]                       0x08004a94   Section        0  usart.o(.text.HAL_UART_MspInit)
    [Anonymous Symbol]                       0x08004b20   Section        0  stm32f1xx_hal_uart.o(.text.HAL_UART_Receive_IT)
    [Anonymous Symbol]                       0x08004b74   Section        0  main.o(.text.HAL_UART_RxCpltCallback)
    [Anonymous Symbol]                       0x08004c04   Section        0  stm32f1xx_hal_uart.o(.text.HAL_UART_Transmit)
    [Anonymous Symbol]                       0x08004d7c   Section        0  stm32f1xx_hal_uart.o(.text.HAL_UART_TxCpltCallback)
    [Anonymous Symbol]                       0x08004d80   Section        0  stm32f1xx_it.o(.text.HardFault_Handler)
    [Anonymous Symbol]                       0x08004d84   Section        0  adc.o(.text.MX_ADC1_Init)
    [Anonymous Symbol]                       0x08004e04   Section        0  dma.o(.text.MX_DMA_Init)
    [Anonymous Symbol]                       0x08004e38   Section        0  gpio.o(.text.MX_GPIO_Init)
    [Anonymous Symbol]                       0x08004f00   Section        0  usart.o(.text.MX_USART1_UART_Init)
    [Anonymous Symbol]                       0x08004f3c   Section        0  stm32f1xx_it.o(.text.MemManage_Handler)
    [Anonymous Symbol]                       0x08004f40   Section        0  stm32f1xx_it.o(.text.NMI_Handler)
    [Anonymous Symbol]                       0x08004f44   Section        0  oled.o(.text.OLED_Clear)
    [Anonymous Symbol]                       0x08004f58   Section        0  oled.o(.text.OLED_GPIO_Init)
    [Anonymous Symbol]                       0x08005078   Section        0  oled.o(.text.OLED_I2C_SendByte)
    [Anonymous Symbol]                       0x08005284   Section        0  oled.o(.text.OLED_I2C_Start)
    [Anonymous Symbol]                       0x08005414   Section        0  oled.o(.text.OLED_I2C_Stop)
    [Anonymous Symbol]                       0x08005544   Section        0  oled.o(.text.OLED_Init)
    [Anonymous Symbol]                       0x080057b8   Section        0  oled.o(.text.OLED_SetCursor)
    [Anonymous Symbol]                       0x0800581c   Section        0  oled.o(.text.OLED_ShowImage)
    [Anonymous Symbol]                       0x08005a04   Section        0  oled.o(.text.OLED_ShowString)
    [Anonymous Symbol]                       0x08005ac4   Section        0  oled.o(.text.OLED_Update)
    [Anonymous Symbol]                       0x08005d30   Section        0  stm32f1xx_it.o(.text.PendSV_Handler)
    [Anonymous Symbol]                       0x08005d34   Section        0  main.o(.text.ProcessSerialCommand)
    [Anonymous Symbol]                       0x08006038   Section        0  stm32f1xx_it.o(.text.SVC_Handler)
    [Anonymous Symbol]                       0x0800603c   Section        0  sensors.o(.text.Sensors_Init)
    [Anonymous Symbol]                       0x0800605c   Section        0  main.o(.text.Sensors_Read)
    [Anonymous Symbol]                       0x08006368   Section        0  stm32f1xx_it.o(.text.SysTick_Handler)
    [Anonymous Symbol]                       0x0800636c   Section        0  main.o(.text.SystemClock_Config)
    [Anonymous Symbol]                       0x08006450   Section        0  system_stm32f1xx.o(.text.SystemInit)
    [Anonymous Symbol]                       0x08006454   Section        0  main.o(.text.System_Init)
    UART_DMAAbortOnError                     0x080065e5   Thumb Code    12  stm32f1xx_hal_uart.o(.text.UART_DMAAbortOnError)
    [Anonymous Symbol]                       0x080065e4   Section        0  stm32f1xx_hal_uart.o(.text.UART_DMAAbortOnError)
    UART_Receive_IT                          0x080065f1   Thumb Code   254  stm32f1xx_hal_uart.o(.text.UART_Receive_IT)
    [Anonymous Symbol]                       0x080065f0   Section        0  stm32f1xx_hal_uart.o(.text.UART_Receive_IT)
    [Anonymous Symbol]                       0x080066f0   Section        0  stm32f1xx_it.o(.text.USART1_IRQHandler)
    [Anonymous Symbol]                       0x080066fc   Section        0  stm32f1xx_it.o(.text.UsageFault_Handler)
    [Anonymous Symbol]                       0x08006700   Section        0  main.o(.text.fputc)
    [Anonymous Symbol]                       0x08006720   Section        0  main.o(.text.main)
    i.__0printf                              0x080068fc   Section        0  printfa.o(i.__0printf)
    i.__0sprintf                             0x0800691c   Section        0  printfa.o(i.__0sprintf)
    i.__ARM_fpclassifyf                      0x08006944   Section        0  fpclassifyf.o(i.__ARM_fpclassifyf)
    i.__mathlib_flt_infnan                   0x0800696a   Section        0  funder.o(i.__mathlib_flt_infnan)
    i.__mathlib_flt_overflow                 0x08006970   Section        0  funder.o(i.__mathlib_flt_overflow)
    i.__mathlib_flt_underflow                0x0800697a   Section        0  funder.o(i.__mathlib_flt_underflow)
    i.__read_errno                           0x08006984   Section        0  errno.o(i.__read_errno)
    i.__scatterload_copy                     0x08006990   Section       14  handlers.o(i.__scatterload_copy)
    i.__scatterload_null                     0x0800699e   Section        2  handlers.o(i.__scatterload_null)
    i.__scatterload_zeroinit                 0x080069a0   Section       14  handlers.o(i.__scatterload_zeroinit)
    i.__set_errno                            0x080069b0   Section        0  errno.o(i.__set_errno)
    _fp_digits                               0x080069bd   Thumb Code   366  printfa.o(i._fp_digits)
    i._fp_digits                             0x080069bc   Section        0  printfa.o(i._fp_digits)
    i._is_digit                              0x08006b40   Section        0  scanf_fp.o(i._is_digit)
    _printf_core                             0x08006b51   Thumb Code  1744  printfa.o(i._printf_core)
    i._printf_core                           0x08006b50   Section        0  printfa.o(i._printf_core)
    _printf_post_padding                     0x0800722d   Thumb Code    36  printfa.o(i._printf_post_padding)
    i._printf_post_padding                   0x0800722c   Section        0  printfa.o(i._printf_post_padding)
    _printf_pre_padding                      0x08007251   Thumb Code    46  printfa.o(i._printf_pre_padding)
    i._printf_pre_padding                    0x08007250   Section        0  printfa.o(i._printf_pre_padding)
    _sputc                                   0x0800727f   Thumb Code    10  printfa.o(i._sputc)
    i._sputc                                 0x0800727e   Section        0  printfa.o(i._sputc)
    i.atof                                   0x08007288   Section        0  atof.o(i.atof)
    i.expf                                   0x080072b4   Section        0  expf.o(i.expf)
    i.puts                                   0x08007428   Section        0  puts.o(i.puts)
    twotokover4top                           0x0800744c   Data          16  expf.o(.constdata)
    .constdata                               0x0800744c   Section       48  expf.o(.constdata)
    twotokover4bot                           0x0800745c   Data          16  expf.o(.constdata)
    twotokover4all                           0x0800746c   Data          16  expf.o(.constdata)
    .constdata                               0x0800747c   Section       64  ctype_c.o(.constdata)
    .L__const.Check_Alarm.alarmLevelNames    0x080074bc   Data          20  main.o(.rodata..L__const.Check_Alarm.alarmLevelNames)
    .L__const.ProcessSerialCommand.response  0x080074d0   Data          20  main.o(.rodata..L__const.ProcessSerialCommand.response)
    HAL_RCC_GetSysClockFreq.aPredivFactorTable 0x080074fc   Data           2  stm32f1xx_hal_rcc.o(.rodata.HAL_RCC_GetSysClockFreq.aPredivFactorTable)
    [Anonymous Symbol]                       0x080074fc   Section        0  stm32f1xx_hal_rcc.o(.rodata.HAL_RCC_GetSysClockFreq.aPredivFactorTable)
    HAL_RCC_GetSysClockFreq.aPLLMULFactorTable 0x08007d28   Data          16  stm32f1xx_hal_rcc.o(.rodata.cst16)
    [Anonymous Symbol]                       0x08007d28   Section        0  stm32f1xx_hal_rcc.o(.rodata.cst16)
    .L.str.1                                 0x08007d38   Data          73  fire_prediction.o(.rodata.str1.1)
    [Anonymous Symbol]                       0x08007d38   Section        0  fire_prediction.o(.rodata.str1.1)
    .L.str.1                                 0x08007d81   Data           6  alarm_config.o(.rodata.str1.1)
    [Anonymous Symbol]                       0x08007d81   Section        0  alarm_config.o(.rodata.str1.1)
    .L.str.3                                 0x08007d87   Data           5  alarm_config.o(.rodata.str1.1)
    .L.str.2                                 0x08007d8c   Data           3  alarm_config.o(.rodata.str1.1)
    .L.str                                   0x08007d8f   Data           5  alarm_config.o(.rodata.str1.1)
    .L.str.50                                0x08007d98   Data          45  main.o(.rodata.str1.1)
    [Anonymous Symbol]                       0x08007d98   Section        0  main.o(.rodata.str1.1)
    .L.str.49                                0x08007e08   Data          53  main.o(.rodata.str1.1)
    .L.str.54                                0x08007e3d   Data          61  main.o(.rodata.str1.1)
    .L.str.59                                0x08007e7a   Data          54  main.o(.rodata.str1.1)
    .L.str.41                                0x08007eb0   Data          53  main.o(.rodata.str1.1)
    .Lstr.82                                 0x08007ee5   Data          15  main.o(.rodata.str1.1)
    .Lstr.80                                 0x08007ef4   Data          27  main.o(.rodata.str1.1)
    .L.str.64                                0x08007eff   Data          67  main.o(.rodata.str1.1)
    .Lstr                                    0x08007f0f   Data          24  main.o(.rodata.str1.1)
    .Lstr.69                                 0x08007f27   Data          18  main.o(.rodata.str1.1)
    .Lstr.79                                 0x08007f39   Data          44  main.o(.rodata.str1.1)
    .Lstr.77                                 0x08007f65   Data          30  main.o(.rodata.str1.1)
    .L.str.65                                0x08007f97   Data           9  main.o(.rodata.str1.1)
    .L.str.67                                0x08007fa0   Data           8  main.o(.rodata.str1.1)
    .L.str.7                                 0x08007fb8   Data          13  main.o(.rodata.str1.1)
    .L.str.60                                0x08007fc5   Data           3  main.o(.rodata.str1.1)
    .L.str.68                                0x08007fc8   Data          14  main.o(.rodata.str1.1)
    .L.str.66                                0x08007fd6   Data          10  main.o(.rodata.str1.1)
    .L.str.39                                0x08007fe0   Data          21  main.o(.rodata.str1.1)
    .L.str.40                                0x08007ff5   Data          19  main.o(.rodata.str1.1)
    .L.str.25                                0x08008007   Data           1  main.o(.rodata.str1.1)
    .data                                    0x20000000   Section        4  stdout.o(.data)
    _errno                                   0x20000004   Data           4  errno.o(.data)
    .data                                    0x20000004   Section        4  errno.o(.data)
    .L_MergedGlobals                         0x20000008   Data           8  stm32f1xx_hal.o(.data..L_MergedGlobals)
    [Anonymous Symbol]                       0x20000008   Section        0  stm32f1xx_hal.o(.data..L_MergedGlobals)
    .L_MergedGlobals                         0x20000018   Data         112  main.o(.bss..L_MergedGlobals)
    rxComplete                               0x20000018   Data           1  main.o(.bss..L_MergedGlobals)
    [Anonymous Symbol]                       0x20000018   Section        0  main.o(.bss..L_MergedGlobals)
    rxIndex                                  0x20000019   Data           1  main.o(.bss..L_MergedGlobals)
    ds18b20_ok                               0x2000001a   Data           1  main.o(.bss..L_MergedGlobals)
    alarmState                               0x2000001b   Data           1  main.o(.bss..L_MergedGlobals)
    lastAlarmLevel                           0x2000001c   Data           1  main.o(.bss..L_MergedGlobals)
    Check_Alarm.beepState                    0x2000001d   Data           1  main.o(.bss..L_MergedGlobals)
    manualBuzzerOn                           0x2000001e   Data           1  main.o(.bss..L_MergedGlobals)
    currentTemp                              0x20000024   Data           4  main.o(.bss..L_MergedGlobals)
    currentSmoke                             0x20000028   Data           4  main.o(.bss..L_MergedGlobals)
    currentCO                                0x2000002c   Data           4  main.o(.bss..L_MergedGlobals)
    Sensors_Read.lastTempTime                0x20000030   Data           4  main.o(.bss..L_MergedGlobals)
    Sensors_Read.smokeNoise                  0x20000034   Data           4  main.o(.bss..L_MergedGlobals)
    Sensors_Read.coNoise                     0x20000038   Data           4  main.o(.bss..L_MergedGlobals)
    Sensors_Read.lastPrint                   0x2000003c   Data           4  main.o(.bss..L_MergedGlobals)
    Display_Update.lastPrintTime             0x20000040   Data           4  main.o(.bss..L_MergedGlobals)
    Check_Alarm.lastBeep                     0x20000044   Data           4  main.o(.bss..L_MergedGlobals)
    rxBuffer                                 0x20000048   Data          64  main.o(.bss..L_MergedGlobals)
    DWT_Init.initialized                     0x20000088   Data           1  ds18b20.o(.bss.DWT_Init.initialized)
    [Anonymous Symbol]                       0x20000088   Section        0  ds18b20.o(.bss.DWT_Init.initialized)
    FirePredictor_CalculateRisk.lastDebug    0x2000008c   Data           4  fire_prediction.o(.bss.FirePredictor_CalculateRisk.lastDebug)
    [Anonymous Symbol]                       0x2000008c   Section        0  fire_prediction.o(.bss.FirePredictor_CalculateRisk.lastDebug)
    predictor                                0x20000568   Data         820  main.o(.bss.predictor)
    [Anonymous Symbol]                       0x20000568   Section        0  main.o(.bss.predictor)
    STACK                                    0x200008a0   Section     1024  startup_stm32f103xb.o(STACK)

    Global Symbols

    Symbol Name                              Value     Ov Type        Size  Object(Section)

    BuildAttributes$$THM_ISAv4$P$D$K$B$S$PE$A:L22UL41UL21$X:L11$S22US41US21$IEEE1$IW$~IW$USESV6$~STKCKD$USESV7$~SHL$OTIME$ROPI$IEEEX$EBA8$MICROLIB$REQ8$PRES8$EABIv2 0x00000000   Number         0  anon$$obj.o ABSOLUTE
    _printf_a                                0x00000000   Number         0  printfstubs.o ABSOLUTE
    _printf_c                                0x00000000   Number         0  printfstubs.o ABSOLUTE
    _printf_charcount                        0x00000000   Number         0  printfstubs.o ABSOLUTE
    _printf_d                                0x00000000   Number         0  printfstubs.o ABSOLUTE
    _printf_e                                0x00000000   Number         0  printfstubs.o ABSOLUTE
    _printf_f                                0x00000000   Number         0  printfstubs.o ABSOLUTE
    _printf_flags                            0x00000000   Number         0  printfstubs.o ABSOLUTE
    _printf_fp_dec                           0x00000000   Number         0  printfstubs.o ABSOLUTE
    _printf_fp_hex                           0x00000000   Number         0  printfstubs.o ABSOLUTE
    _printf_g                                0x00000000   Number         0  printfstubs.o ABSOLUTE
    _printf_i                                0x00000000   Number         0  printfstubs.o ABSOLUTE
    _printf_int_dec                          0x00000000   Number         0  printfstubs.o ABSOLUTE
    _printf_l                                0x00000000   Number         0  printfstubs.o ABSOLUTE
    _printf_lc                               0x00000000   Number         0  printfstubs.o ABSOLUTE
    _printf_ll                               0x00000000   Number         0  printfstubs.o ABSOLUTE
    _printf_lld                              0x00000000   Number         0  printfstubs.o ABSOLUTE
    _printf_lli                              0x00000000   Number         0  printfstubs.o ABSOLUTE
    _printf_llo                              0x00000000   Number         0  printfstubs.o ABSOLUTE
    _printf_llu                              0x00000000   Number         0  printfstubs.o ABSOLUTE
    _printf_llx                              0x00000000   Number         0  printfstubs.o ABSOLUTE
    _printf_longlong_dec                     0x00000000   Number         0  printfstubs.o ABSOLUTE
    _printf_longlong_hex                     0x00000000   Number         0  printfstubs.o ABSOLUTE
    _printf_longlong_oct                     0x00000000   Number         0  printfstubs.o ABSOLUTE
    _printf_ls                               0x00000000   Number         0  printfstubs.o ABSOLUTE
    _printf_mbtowc                           0x00000000   Number         0  printfstubs.o ABSOLUTE
    _printf_n                                0x00000000   Number         0  printfstubs.o ABSOLUTE
    _printf_o                                0x00000000   Number         0  printfstubs.o ABSOLUTE
    _printf_p                                0x00000000   Number         0  printfstubs.o ABSOLUTE
    _printf_percent                          0x00000000   Number         0  printfstubs.o ABSOLUTE
    _printf_pre_padding                      0x00000000   Number         0  printfstubs.o ABSOLUTE
    _printf_return_value                     0x00000000   Number         0  printfstubs.o ABSOLUTE
    _printf_s                                0x00000000   Number         0  printfstubs.o ABSOLUTE
    _printf_sizespec                         0x00000000   Number         0  printfstubs.o ABSOLUTE
    _printf_str                              0x00000000   Number         0  printfstubs.o ABSOLUTE
    _printf_truncate_signed                  0x00000000   Number         0  printfstubs.o ABSOLUTE
    _printf_truncate_unsigned                0x00000000   Number         0  printfstubs.o ABSOLUTE
    _printf_u                                0x00000000   Number         0  printfstubs.o ABSOLUTE
    _printf_wc                               0x00000000   Number         0  printfstubs.o ABSOLUTE
    _printf_wctomb                           0x00000000   Number         0  printfstubs.o ABSOLUTE
    _printf_widthprec                        0x00000000   Number         0  printfstubs.o ABSOLUTE
    _printf_x                                0x00000000   Number         0  printfstubs.o ABSOLUTE
    __cpp_initialize__aeabi_                  - Undefined Weak Reference
    __cxa_finalize                            - Undefined Weak Reference
    __decompress                              - Undefined Weak Reference
    _clock_init                               - Undefined Weak Reference
    _microlib_exit                            - Undefined Weak Reference
    __Vectors_Size                           0x000000ec   Number         0  startup_stm32f103xb.o ABSOLUTE
    __Vectors                                0x08000000   Data           4  startup_stm32f103xb.o(RESET)
    __Vectors_End                            0x080000ec   Data           0  startup_stm32f103xb.o(RESET)
    __main                                   0x080000ed   Thumb Code     0  entry.o(.ARM.Collect$$$$00000000)
    _main_stk                                0x080000ed   Thumb Code     0  entry2.o(.ARM.Collect$$$$00000001)
    _main_scatterload                        0x080000f1   Thumb Code     0  entry5.o(.ARM.Collect$$$$00000004)
    __main_after_scatterload                 0x080000f5   Thumb Code     0  entry5.o(.ARM.Collect$$$$00000004)
    _main_clock                              0x080000f5   Thumb Code     0  entry7b.o(.ARM.Collect$$$$00000008)
    _main_cpp_init                           0x080000f5   Thumb Code     0  entry8b.o(.ARM.Collect$$$$0000000A)
    _main_init                               0x080000f5   Thumb Code     0  entry9a.o(.ARM.Collect$$$$0000000B)
    __rt_final_cpp                           0x080000fd   Thumb Code     0  entry10a.o(.ARM.Collect$$$$0000000D)
    __rt_final_exit                          0x080000fd   Thumb Code     0  entry11a.o(.ARM.Collect$$$$0000000F)
    Reset_Handler                            0x08000101   Thumb Code     8  startup_stm32f103xb.o(.text)
    CAN1_RX1_IRQHandler                      0x0800011b   Thumb Code     0  startup_stm32f103xb.o(.text)
    CAN1_SCE_IRQHandler                      0x0800011b   Thumb Code     0  startup_stm32f103xb.o(.text)
    DMA1_Channel2_IRQHandler                 0x0800011b   Thumb Code     0  startup_stm32f103xb.o(.text)
    DMA1_Channel3_IRQHandler                 0x0800011b   Thumb Code     0  startup_stm32f103xb.o(.text)
    DMA1_Channel4_IRQHandler                 0x0800011b   Thumb Code     0  startup_stm32f103xb.o(.text)
    DMA1_Channel5_IRQHandler                 0x0800011b   Thumb Code     0  startup_stm32f103xb.o(.text)
    DMA1_Channel6_IRQHandler                 0x0800011b   Thumb Code     0  startup_stm32f103xb.o(.text)
    DMA1_Channel7_IRQHandler                 0x0800011b   Thumb Code     0  startup_stm32f103xb.o(.text)
    EXTI0_IRQHandler                         0x0800011b   Thumb Code     0  startup_stm32f103xb.o(.text)
    EXTI15_10_IRQHandler                     0x0800011b   Thumb Code     0  startup_stm32f103xb.o(.text)
    EXTI1_IRQHandler                         0x0800011b   Thumb Code     0  startup_stm32f103xb.o(.text)
    EXTI2_IRQHandler                         0x0800011b   Thumb Code     0  startup_stm32f103xb.o(.text)
    EXTI3_IRQHandler                         0x0800011b   Thumb Code     0  startup_stm32f103xb.o(.text)
    EXTI4_IRQHandler                         0x0800011b   Thumb Code     0  startup_stm32f103xb.o(.text)
    EXTI9_5_IRQHandler                       0x0800011b   Thumb Code     0  startup_stm32f103xb.o(.text)
    FLASH_IRQHandler                         0x0800011b   Thumb Code     0  startup_stm32f103xb.o(.text)
    I2C1_ER_IRQHandler                       0x0800011b   Thumb Code     0  startup_stm32f103xb.o(.text)
    I2C1_EV_IRQHandler                       0x0800011b   Thumb Code     0  startup_stm32f103xb.o(.text)
    I2C2_ER_IRQHandler                       0x0800011b   Thumb Code     0  startup_stm32f103xb.o(.text)
    I2C2_EV_IRQHandler                       0x0800011b   Thumb Code     0  startup_stm32f103xb.o(.text)
    PVD_IRQHandler                           0x0800011b   Thumb Code     0  startup_stm32f103xb.o(.text)
    RCC_IRQHandler                           0x0800011b   Thumb Code     0  startup_stm32f103xb.o(.text)
    RTC_Alarm_IRQHandler                     0x0800011b   Thumb Code     0  startup_stm32f103xb.o(.text)
    RTC_IRQHandler                           0x0800011b   Thumb Code     0  startup_stm32f103xb.o(.text)
    SPI1_IRQHandler                          0x0800011b   Thumb Code     0  startup_stm32f103xb.o(.text)
    SPI2_IRQHandler                          0x0800011b   Thumb Code     0  startup_stm32f103xb.o(.text)
    TAMPER_IRQHandler                        0x0800011b   Thumb Code     0  startup_stm32f103xb.o(.text)
    TIM1_BRK_IRQHandler                      0x0800011b   Thumb Code     0  startup_stm32f103xb.o(.text)
    TIM1_CC_IRQHandler                       0x0800011b   Thumb Code     0  startup_stm32f103xb.o(.text)
    TIM1_TRG_COM_IRQHandler                  0x0800011b   Thumb Code     0  startup_stm32f103xb.o(.text)
    TIM1_UP_IRQHandler                       0x0800011b   Thumb Code     0  startup_stm32f103xb.o(.text)
    TIM2_IRQHandler                          0x0800011b   Thumb Code     0  startup_stm32f103xb.o(.text)
    TIM3_IRQHandler                          0x0800011b   Thumb Code     0  startup_stm32f103xb.o(.text)
    TIM4_IRQHandler                          0x0800011b   Thumb Code     0  startup_stm32f103xb.o(.text)
    USART2_IRQHandler                        0x0800011b   Thumb Code     0  startup_stm32f103xb.o(.text)
    USART3_IRQHandler                        0x0800011b   Thumb Code     0  startup_stm32f103xb.o(.text)
    USBWakeUp_IRQHandler                     0x0800011b   Thumb Code     0  startup_stm32f103xb.o(.text)
    USB_HP_CAN1_TX_IRQHandler                0x0800011b   Thumb Code     0  startup_stm32f103xb.o(.text)
    USB_LP_CAN1_RX0_IRQHandler               0x0800011b   Thumb Code     0  startup_stm32f103xb.o(.text)
    WWDG_IRQHandler                          0x0800011b   Thumb Code     0  startup_stm32f103xb.o(.text)
    __aeabi_memset                           0x08000125   Thumb Code    14  memseta.o(.text)
    __aeabi_memset4                          0x08000125   Thumb Code     0  memseta.o(.text)
    __aeabi_memset8                          0x08000125   Thumb Code     0  memseta.o(.text)
    __aeabi_memclr                           0x08000133   Thumb Code     4  memseta.o(.text)
    __aeabi_memclr4                          0x08000133   Thumb Code     0  memseta.o(.text)
    __aeabi_memclr8                          0x08000133   Thumb Code     0  memseta.o(.text)
    _memset$wrapper                          0x08000137   Thumb Code    18  memseta.o(.text)
    strncpy                                  0x08000149   Thumb Code    24  strncpy.o(.text)
    strchr                                   0x08000161   Thumb Code    20  strchr.o(.text)
    strlen                                   0x08000175   Thumb Code    14  strlen.o(.text)
    strcmp                                   0x08000183   Thumb Code    28  strcmp.o(.text)
    memcmp                                   0x0800019f   Thumb Code    26  memcmp.o(.text)
    __aeabi_fadd                             0x080001b9   Thumb Code   164  fadd.o(.text)
    __aeabi_fsub                             0x0800025d   Thumb Code     6  fadd.o(.text)
    __aeabi_frsub                            0x08000263   Thumb Code     6  fadd.o(.text)
    __aeabi_fmul                             0x08000269   Thumb Code   100  fmul.o(.text)
    __aeabi_fdiv                             0x080002cd   Thumb Code   124  fdiv.o(.text)
    __aeabi_dadd                             0x08000349   Thumb Code   322  dadd.o(.text)
    __aeabi_dsub                             0x0800048b   Thumb Code     6  dadd.o(.text)
    __aeabi_drsub                            0x08000491   Thumb Code     6  dadd.o(.text)
    __aeabi_dmul                             0x08000497   Thumb Code   228  dmul.o(.text)
    __aeabi_ddiv                             0x0800057b   Thumb Code   222  ddiv.o(.text)
    __aeabi_fcmple                           0x08000659   Thumb Code    28  fcmple.o(.text)
    __aeabi_fcmplt                           0x08000675   Thumb Code    28  fcmplt.o(.text)
    __aeabi_fcmpge                           0x08000691   Thumb Code    28  fcmpge.o(.text)
    __aeabi_fcmpgt                           0x080006ad   Thumb Code    28  fcmpgt.o(.text)
    __aeabi_i2f                              0x080006c9   Thumb Code    18  fflti.o(.text)
    __aeabi_ui2f                             0x080006db   Thumb Code    10  ffltui.o(.text)
    __aeabi_i2d                              0x080006e5   Thumb Code    34  dflti.o(.text)
    __aeabi_f2iz                             0x08000707   Thumb Code    50  ffixi.o(.text)
    __aeabi_d2iz                             0x08000739   Thumb Code    62  dfixi.o(.text)
    __aeabi_f2d                              0x08000777   Thumb Code    38  f2d.o(.text)
    __aeabi_d2f                              0x0800079d   Thumb Code    56  d2f.o(.text)
    __aeabi_uidiv                            0x080007d5   Thumb Code     0  uidiv.o(.text)
    __aeabi_uidivmod                         0x080007d5   Thumb Code    44  uidiv.o(.text)
    __aeabi_uldivmod                         0x08000801   Thumb Code    98  uldiv.o(.text)
    __aeabi_llsl                             0x08000863   Thumb Code    30  llshl.o(.text)
    _ll_shift_l                              0x08000863   Thumb Code     0  llshl.o(.text)
    __aeabi_llsr                             0x08000881   Thumb Code    32  llushr.o(.text)
    _ll_ushift_r                             0x08000881   Thumb Code     0  llushr.o(.text)
    __aeabi_lasr                             0x080008a1   Thumb Code    36  llsshr.o(.text)
    _ll_sshift_r                             0x080008a1   Thumb Code     0  llsshr.o(.text)
    __strtod_int                             0x08000903   Thumb Code    94  strtod.o(.text)
    __I$use$fp                               0x0800096d   Thumb Code     0  iusefp.o(.text)
    _float_round                             0x0800096d   Thumb Code    18  fepilogue.o(.text)
    _float_epilogue                          0x0800097f   Thumb Code    92  fepilogue.o(.text)
    __ARM_scalbnf                            0x080009db   Thumb Code    24  fscalb.o(.text)
    scalbnf                                  0x080009db   Thumb Code     0  fscalb.o(.text)
    _frnd                                    0x080009f3   Thumb Code    60  frnd.o(.text)
    _double_round                            0x08000a2f   Thumb Code    30  depilogue.o(.text)
    _double_epilogue                         0x08000a4d   Thumb Code   156  depilogue.o(.text)
    __aeabi_d2ulz                            0x08000ae9   Thumb Code    48  dfixul.o(.text)
    __aeabi_cdrcmple                         0x08000b19   Thumb Code    48  cdrcmple.o(.text)
    __scatterload                            0x08000b49   Thumb Code    38  init.o(.text)
    __scatterload_rt2                        0x08000b49   Thumb Code     0  init.o(.text)
    isspace                                  0x08000b79   Thumb Code    10  isspace_c.o(.text)
    _scanf_real                              0x08000cad   Thumb Code     0  scanf_fp.o(.text)
    _scanf_really_real                       0x08000cad   Thumb Code   556  scanf_fp.o(.text)
    _sgetc                                   0x08000ee5   Thumb Code    30  _sgetc.o(.text)
    _sbackspace                              0x08000f03   Thumb Code    34  _sgetc.o(.text)
    __ctype_lookup                           0x08000f25   Thumb Code    34  ctype_c.o(.text)
    __aeabi_ul2d                             0x08000f4d   Thumb Code    24  dfltul.o(.text)
    ADC1_2_IRQHandler                        0x08000f65   Thumb Code    12  stm32f1xx_it.o(.text.ADC1_2_IRQHandler)
    ADC_ConversionStop_Disable               0x08000f71   Thumb Code    84  stm32f1xx_hal_adc.o(.text.ADC_ConversionStop_Disable)
    ADC_DMAConvCplt                          0x08000fc5   Thumb Code    82  stm32f1xx_hal_adc.o(.text.ADC_DMAConvCplt)
    ADC_DMAError                             0x08001019   Thumb Code    22  stm32f1xx_hal_adc.o(.text.ADC_DMAError)
    ADC_DMAHalfConvCplt                      0x08001031   Thumb Code     6  stm32f1xx_hal_adc.o(.text.ADC_DMAHalfConvCplt)
    ADC_Enable                               0x08001039   Thumb Code   174  stm32f1xx_hal_adc.o(.text.ADC_Enable)
    AlarmConfig_Init                         0x080010e9   Thumb Code    60  alarm_config.o(.text.AlarmConfig_Init)
    AlarmConfig_ParseCommand                 0x08001125   Thumb Code   832  alarm_config.o(.text.AlarmConfig_ParseCommand)
    BusFault_Handler                         0x08001475   Thumb Code     2  stm32f1xx_it.o(.text.BusFault_Handler)
    Check_Alarm                              0x08001479   Thumb Code   764  main.o(.text.Check_Alarm)
    DMA1_Channel1_IRQHandler                 0x08001815   Thumb Code    12  stm32f1xx_it.o(.text.DMA1_Channel1_IRQHandler)
    DS18B20_Check                            0x08001821   Thumb Code   384  ds18b20.o(.text.DS18B20_Check)
    DS18B20_Get_Temperature                  0x080019a1   Thumb Code   322  ds18b20.o(.text.DS18B20_Get_Temperature)
    DS18B20_Init                             0x08001ae5   Thumb Code    94  ds18b20.o(.text.DS18B20_Init)
    DS18B20_Read_Bit                         0x08001b45   Thumb Code   400  ds18b20.o(.text.DS18B20_Read_Bit)
    DS18B20_Rst                              0x08001cd5   Thumb Code   282  ds18b20.o(.text.DS18B20_Rst)
    DS18B20_Write_Byte                       0x08001df1   Thumb Code   498  ds18b20.o(.text.DS18B20_Write_Byte)
    DebugMon_Handler                         0x08001fe5   Thumb Code     2  stm32f1xx_it.o(.text.DebugMon_Handler)
    Display_Update                           0x08001fe9   Thumb Code   328  main.o(.text.Display_Update)
    Error_Handler                            0x080021a1   Thumb Code    44  main.o(.text.Error_Handler)
    FirePredictor_AnalyzeTrend               0x080021cd   Thumb Code  1576  fire_prediction.o(.text.FirePredictor_AnalyzeTrend)
    FirePredictor_CalculateRisk              0x080027f5   Thumb Code   944  fire_prediction.o(.text.FirePredictor_CalculateRisk)
    FirePredictor_Init                       0x08002bd9   Thumb Code    12  fire_prediction.o(.text.FirePredictor_Init)
    FirePredictor_Update                     0x08002be5   Thumb Code   318  fire_prediction.o(.text.FirePredictor_Update)
    HAL_ADCEx_Calibration_Start              0x08002d25   Thumb Code   272  stm32f1xx_hal_adc_ex.o(.text.HAL_ADCEx_Calibration_Start)
    HAL_ADCEx_InjectedConvCpltCallback       0x08002e35   Thumb Code     2  stm32f1xx_hal_adc_ex.o(.text.HAL_ADCEx_InjectedConvCpltCallback)
    HAL_ADC_ConfigChannel                    0x08002e39   Thumb Code   374  stm32f1xx_hal_adc.o(.text.HAL_ADC_ConfigChannel)
    HAL_ADC_ConvCpltCallback                 0x08002fb1   Thumb Code    40  main.o(.text.HAL_ADC_ConvCpltCallback)
    HAL_ADC_ConvHalfCpltCallback             0x08002fd9   Thumb Code     2  stm32f1xx_hal_adc.o(.text.HAL_ADC_ConvHalfCpltCallback)
    HAL_ADC_ErrorCallback                    0x08002fdd   Thumb Code     2  stm32f1xx_hal_adc.o(.text.HAL_ADC_ErrorCallback)
    HAL_ADC_IRQHandler                       0x08002fe1   Thumb Code   238  stm32f1xx_hal_adc.o(.text.HAL_ADC_IRQHandler)
    HAL_ADC_Init                             0x080030d1   Thumb Code   352  stm32f1xx_hal_adc.o(.text.HAL_ADC_Init)
    HAL_ADC_LevelOutOfWindowCallback         0x08003231   Thumb Code     2  stm32f1xx_hal_adc.o(.text.HAL_ADC_LevelOutOfWindowCallback)
    HAL_ADC_MspInit                          0x08003235   Thumb Code   178  adc.o(.text.HAL_ADC_MspInit)
    HAL_ADC_Start_DMA                        0x080032e9   Thumb Code   284  stm32f1xx_hal_adc.o(.text.HAL_ADC_Start_DMA)
    HAL_DMA_Abort                            0x08003405   Thumb Code    70  stm32f1xx_hal_dma.o(.text.HAL_DMA_Abort)
    HAL_DMA_Abort_IT                         0x0800344d   Thumb Code   180  stm32f1xx_hal_dma.o(.text.HAL_DMA_Abort_IT)
    HAL_DMA_IRQHandler                       0x08003501   Thumb Code   416  stm32f1xx_hal_dma.o(.text.HAL_DMA_IRQHandler)
    HAL_DMA_Init                             0x080036a1   Thumb Code   134  stm32f1xx_hal_dma.o(.text.HAL_DMA_Init)
    HAL_DMA_Start_IT                         0x08003729   Thumb Code   160  stm32f1xx_hal_dma.o(.text.HAL_DMA_Start_IT)
    HAL_Delay                                0x080037c9   Thumb Code    40  stm32f1xx_hal.o(.text.HAL_Delay)
    HAL_GPIO_Init                            0x080037f1   Thumb Code   526  stm32f1xx_hal_gpio.o(.text.HAL_GPIO_Init)
    HAL_GPIO_ReadPin                         0x08003a01   Thumb Code    10  stm32f1xx_hal_gpio.o(.text.HAL_GPIO_ReadPin)
    HAL_GPIO_TogglePin                       0x08003a0d   Thumb Code    16  stm32f1xx_hal_gpio.o(.text.HAL_GPIO_TogglePin)
    HAL_GPIO_WritePin                        0x08003a1d   Thumb Code    10  stm32f1xx_hal_gpio.o(.text.HAL_GPIO_WritePin)
    HAL_GetTick                              0x08003a29   Thumb Code    12  stm32f1xx_hal.o(.text.HAL_GetTick)
    HAL_IncTick                              0x08003a35   Thumb Code    26  stm32f1xx_hal.o(.text.HAL_IncTick)
    HAL_Init                                 0x08003a51   Thumb Code    38  stm32f1xx_hal.o(.text.HAL_Init)
    HAL_InitTick                             0x08003a79   Thumb Code    72  stm32f1xx_hal.o(.text.HAL_InitTick)
    HAL_MspInit                              0x08003ac1   Thumb Code    66  stm32f1xx_hal_msp.o(.text.HAL_MspInit)
    HAL_NVIC_EnableIRQ                       0x08003b05   Thumb Code    34  stm32f1xx_hal_cortex.o(.text.HAL_NVIC_EnableIRQ)
    HAL_NVIC_SetPriority                     0x08003b29   Thumb Code    86  stm32f1xx_hal_cortex.o(.text.HAL_NVIC_SetPriority)
    HAL_NVIC_SetPriorityGrouping             0x08003b81   Thumb Code    32  stm32f1xx_hal_cortex.o(.text.HAL_NVIC_SetPriorityGrouping)
    HAL_RCCEx_GetPeriphCLKFreq               0x08003ba1   Thumb Code   228  stm32f1xx_hal_rcc_ex.o(.text.HAL_RCCEx_GetPeriphCLKFreq)
    HAL_RCCEx_PeriphCLKConfig                0x08003c99   Thumb Code   258  stm32f1xx_hal_rcc_ex.o(.text.HAL_RCCEx_PeriphCLKConfig)
    HAL_RCC_ClockConfig                      0x08003d9d   Thumb Code   450  stm32f1xx_hal_rcc.o(.text.HAL_RCC_ClockConfig)
    HAL_RCC_GetPCLK1Freq                     0x08003f61   Thumb Code    38  stm32f1xx_hal_rcc.o(.text.HAL_RCC_GetPCLK1Freq)
    HAL_RCC_GetPCLK2Freq                     0x08003f89   Thumb Code    38  stm32f1xx_hal_rcc.o(.text.HAL_RCC_GetPCLK2Freq)
    HAL_RCC_OscConfig                        0x08003fb1   Thumb Code  1024  stm32f1xx_hal_rcc.o(.text.HAL_RCC_OscConfig)
    HAL_SYSTICK_Config                       0x080043b1   Thumb Code    44  stm32f1xx_hal_cortex.o(.text.HAL_SYSTICK_Config)
    HAL_UARTEx_RxEventCallback               0x080043dd   Thumb Code     2  stm32f1xx_hal_uart.o(.text.HAL_UARTEx_RxEventCallback)
    HAL_UART_ErrorCallback                   0x080043e1   Thumb Code    64  main.o(.text.HAL_UART_ErrorCallback)
    HAL_UART_IRQHandler                      0x08004441   Thumb Code  1392  stm32f1xx_hal_uart.o(.text.HAL_UART_IRQHandler)
    HAL_UART_Init                            0x080049b1   Thumb Code   226  stm32f1xx_hal_uart.o(.text.HAL_UART_Init)
    HAL_UART_MspInit                         0x08004a95   Thumb Code   138  usart.o(.text.HAL_UART_MspInit)
    HAL_UART_Receive_IT                      0x08004b21   Thumb Code    84  stm32f1xx_hal_uart.o(.text.HAL_UART_Receive_IT)
    HAL_UART_RxCpltCallback                  0x08004b75   Thumb Code   108  main.o(.text.HAL_UART_RxCpltCallback)
    HAL_UART_Transmit                        0x08004c05   Thumb Code   376  stm32f1xx_hal_uart.o(.text.HAL_UART_Transmit)
    HAL_UART_TxCpltCallback                  0x08004d7d   Thumb Code     2  stm32f1xx_hal_uart.o(.text.HAL_UART_TxCpltCallback)
    HardFault_Handler                        0x08004d81   Thumb Code     2  stm32f1xx_it.o(.text.HardFault_Handler)
    MX_ADC1_Init                             0x08004d85   Thumb Code   126  adc.o(.text.MX_ADC1_Init)
    MX_DMA_Init                              0x08004e05   Thumb Code    52  dma.o(.text.MX_DMA_Init)
    MX_GPIO_Init                             0x08004e39   Thumb Code   200  gpio.o(.text.MX_GPIO_Init)
    MX_USART1_UART_Init                      0x08004f01   Thumb Code    60  usart.o(.text.MX_USART1_UART_Init)
    MemManage_Handler                        0x08004f3d   Thumb Code     2  stm32f1xx_it.o(.text.MemManage_Handler)
    NMI_Handler                              0x08004f41   Thumb Code     2  stm32f1xx_it.o(.text.NMI_Handler)
    OLED_Clear                               0x08004f45   Thumb Code    20  oled.o(.text.OLED_Clear)
    OLED_GPIO_Init                           0x08004f59   Thumb Code   288  oled.o(.text.OLED_GPIO_Init)
    OLED_I2C_SendByte                        0x08005079   Thumb Code   524  oled.o(.text.OLED_I2C_SendByte)
    OLED_I2C_Start                           0x08005285   Thumb Code   400  oled.o(.text.OLED_I2C_Start)
    OLED_I2C_Stop                            0x08005415   Thumb Code   304  oled.o(.text.OLED_I2C_Stop)
    OLED_Init                                0x08005545   Thumb Code   628  oled.o(.text.OLED_Init)
    OLED_SetCursor                           0x080057b9   Thumb Code    98  oled.o(.text.OLED_SetCursor)
    OLED_ShowImage                           0x0800581d   Thumb Code   486  oled.o(.text.OLED_ShowImage)
    OLED_ShowString                          0x08005a05   Thumb Code   192  oled.o(.text.OLED_ShowString)
    OLED_Update                              0x08005ac5   Thumb Code   618  oled.o(.text.OLED_Update)
    PendSV_Handler                           0x08005d31   Thumb Code     2  stm32f1xx_it.o(.text.PendSV_Handler)
    ProcessSerialCommand                     0x08005d35   Thumb Code   616  main.o(.text.ProcessSerialCommand)
    SVC_Handler                              0x08006039   Thumb Code     2  stm32f1xx_it.o(.text.SVC_Handler)
    Sensors_Init                             0x0800603d   Thumb Code    30  sensors.o(.text.Sensors_Init)
    Sensors_Read                             0x0800605d   Thumb Code   684  main.o(.text.Sensors_Read)
    SysTick_Handler                          0x08006369   Thumb Code     4  stm32f1xx_it.o(.text.SysTick_Handler)
    SystemClock_Config                       0x0800636d   Thumb Code   228  main.o(.text.SystemClock_Config)
    SystemInit                               0x08006451   Thumb Code     2  system_stm32f1xx.o(.text.SystemInit)
    System_Init                              0x08006455   Thumb Code   260  main.o(.text.System_Init)
    USART1_IRQHandler                        0x080066f1   Thumb Code    12  stm32f1xx_it.o(.text.USART1_IRQHandler)
    UsageFault_Handler                       0x080066fd   Thumb Code     2  stm32f1xx_it.o(.text.UsageFault_Handler)
    fputc                                    0x08006701   Thumb Code    30  main.o(.text.fputc)
    main                                     0x08006721   Thumb Code   332  main.o(.text.main)
    __0printf                                0x080068fd   Thumb Code    22  printfa.o(i.__0printf)
    __1printf                                0x080068fd   Thumb Code     0  printfa.o(i.__0printf)
    __2printf                                0x080068fd   Thumb Code     0  printfa.o(i.__0printf)
    __c89printf                              0x080068fd   Thumb Code     0  printfa.o(i.__0printf)
    printf                                   0x080068fd   Thumb Code     0  printfa.o(i.__0printf)
    __0sprintf                               0x0800691d   Thumb Code    34  printfa.o(i.__0sprintf)
    __1sprintf                               0x0800691d   Thumb Code     0  printfa.o(i.__0sprintf)
    __2sprintf                               0x0800691d   Thumb Code     0  printfa.o(i.__0sprintf)
    __c89sprintf                             0x0800691d   Thumb Code     0  printfa.o(i.__0sprintf)
    sprintf                                  0x0800691d   Thumb Code     0  printfa.o(i.__0sprintf)
    __ARM_fpclassifyf                        0x08006945   Thumb Code    38  fpclassifyf.o(i.__ARM_fpclassifyf)
    __mathlib_flt_infnan                     0x0800696b   Thumb Code     6  funder.o(i.__mathlib_flt_infnan)
    __mathlib_flt_overflow                   0x08006971   Thumb Code    10  funder.o(i.__mathlib_flt_overflow)
    __mathlib_flt_underflow                  0x0800697b   Thumb Code    10  funder.o(i.__mathlib_flt_underflow)
    __read_errno                             0x08006985   Thumb Code     6  errno.o(i.__read_errno)
    __scatterload_copy                       0x08006991   Thumb Code    14  handlers.o(i.__scatterload_copy)
    __scatterload_null                       0x0800699f   Thumb Code     2  handlers.o(i.__scatterload_null)
    __scatterload_zeroinit                   0x080069a1   Thumb Code    14  handlers.o(i.__scatterload_zeroinit)
    __set_errno                              0x080069b1   Thumb Code     6  errno.o(i.__set_errno)
    _is_digit                                0x08006b41   Thumb Code    14  scanf_fp.o(i._is_digit)
    atof                                     0x08007289   Thumb Code    44  atof.o(i.atof)
    __mathlib_expf                           0x080072b5   Thumb Code     0  expf.o(i.expf)
    expf                                     0x080072b5   Thumb Code   326  expf.o(i.expf)
    puts                                     0x08007429   Thumb Code    30  puts.o(i.puts)
    __ctype_categories                       0x0800747c   Data          64  ctype_c.o(.constdata)
    AHBPrescTable                            0x080074e4   Data          16  system_stm32f1xx.o(.rodata.AHBPrescTable)
    APBPrescTable                            0x080074f4   Data           8  system_stm32f1xx.o(.rodata.APBPrescTable)
    OLED_F6x8                                0x080074fe   Data         570  oled_data.o(.rodata.OLED_F6x8)
    OLED_F8x16                               0x08007738   Data        1520  oled_data.o(.rodata.OLED_F8x16)
    Region$$Table$$Base                      0x08008008   Number         0  anon$$obj.o(Region$$Table)
    Region$$Table$$Limit                     0x08008028   Number         0  anon$$obj.o(Region$$Table)
    __stdout                                 0x20000000   Data           4  stdout.o(.data)
    uwTickFreq                               0x20000008   Data           1  stm32f1xx_hal.o(.data..L_MergedGlobals)
    uwTickPrio                               0x2000000c   Data           4  stm32f1xx_hal.o(.data..L_MergedGlobals)
    SystemCoreClock                          0x20000010   Data           4  system_stm32f1xx.o(.data.SystemCoreClock)
    adc_dma_buffer                           0x20000020   Data           4  main.o(.bss..L_MergedGlobals)
    OLED_DisplayBuf                          0x20000090   Data        1024  oled.o(.bss.OLED_DisplayBuf)
    g_alarmConfig                            0x20000490   Data          28  alarm_config.o(.bss.g_alarmConfig)
    hadc1                                    0x200004ac   Data          48  adc.o(.bss.hadc1)
    hdma_adc1                                0x200004dc   Data          68  adc.o(.bss.hdma_adc1)
    huart1                                   0x20000520   Data          72  usart.o(.bss.huart1)
    uwTick                                   0x2000089c   Data           4  stm32f1xx_hal.o(.bss.uwTick)
    __initial_sp                             0x20000ca0   Data           0  startup_stm32f103xb.o(STACK)



==============================================================================

Memory Map of the image

  Image Entry point : 0x080000ed

  Load Region LR_IROM1 (Base: 0x08000000, Size: 0x00008040, Max: 0x00010000, ABSOLUTE)

    Execution Region ER_IROM1 (Exec base: 0x08000000, Load base: 0x08000000, Size: 0x00008028, Max: 0x00010000, ABSOLUTE)

    Exec Addr    Load Addr    Size         Type   Attr      Idx    E Section Name        Object

    0x08000000   0x08000000   0x000000ec   Data   RO            3    RESET               startup_stm32f103xb.o
    0x080000ec   0x080000ec   0x00000000   Code   RO          977  * .ARM.Collect$$$$00000000  mc_w.l(entry.o)
    0x080000ec   0x080000ec   0x00000004   Code   RO         1337    .ARM.Collect$$$$00000001  mc_w.l(entry2.o)
    0x080000f0   0x080000f0   0x00000004   Code   RO         1340    .ARM.Collect$$$$00000004  mc_w.l(entry5.o)
    0x080000f4   0x080000f4   0x00000000   Code   RO         1342    .ARM.Collect$$$$00000008  mc_w.l(entry7b.o)
    0x080000f4   0x080000f4   0x00000000   Code   RO         1344    .ARM.Collect$$$$0000000A  mc_w.l(entry8b.o)
    0x080000f4   0x080000f4   0x00000008   Code   RO         1345    .ARM.Collect$$$$0000000B  mc_w.l(entry9a.o)
    0x080000fc   0x080000fc   0x00000000   Code   RO         1347    .ARM.Collect$$$$0000000D  mc_w.l(entry10a.o)
    0x080000fc   0x080000fc   0x00000000   Code   RO         1349    .ARM.Collect$$$$0000000F  mc_w.l(entry11a.o)
    0x080000fc   0x080000fc   0x00000004   Code   RO         1338    .ARM.Collect$$$$00002712  mc_w.l(entry2.o)
    0x08000100   0x08000100   0x00000024   Code   RO            4    .text               startup_stm32f103xb.o
    0x08000124   0x08000124   0x00000024   Code   RO          984    .text               mc_w.l(memseta.o)
    0x08000148   0x08000148   0x00000018   Code   RO          986    .text               mc_w.l(strncpy.o)
    0x08000160   0x08000160   0x00000014   Code   RO          988    .text               mc_w.l(strchr.o)
    0x08000174   0x08000174   0x0000000e   Code   RO          990    .text               mc_w.l(strlen.o)
    0x08000182   0x08000182   0x0000001c   Code   RO          992    .text               mc_w.l(strcmp.o)
    0x0800019e   0x0800019e   0x0000001a   Code   RO          994    .text               mc_w.l(memcmp.o)
    0x080001b8   0x080001b8   0x000000b0   Code   RO         1257    .text               mf_w.l(fadd.o)
    0x08000268   0x08000268   0x00000064   Code   RO         1259    .text               mf_w.l(fmul.o)
    0x080002cc   0x080002cc   0x0000007c   Code   RO         1261    .text               mf_w.l(fdiv.o)
    0x08000348   0x08000348   0x0000014e   Code   RO         1263    .text               mf_w.l(dadd.o)
    0x08000496   0x08000496   0x000000e4   Code   RO         1265    .text               mf_w.l(dmul.o)
    0x0800057a   0x0800057a   0x000000de   Code   RO         1267    .text               mf_w.l(ddiv.o)
    0x08000658   0x08000658   0x0000001c   Code   RO         1269    .text               mf_w.l(fcmple.o)
    0x08000674   0x08000674   0x0000001c   Code   RO         1271    .text               mf_w.l(fcmplt.o)
    0x08000690   0x08000690   0x0000001c   Code   RO         1273    .text               mf_w.l(fcmpge.o)
    0x080006ac   0x080006ac   0x0000001c   Code   RO         1275    .text               mf_w.l(fcmpgt.o)
    0x080006c8   0x080006c8   0x00000012   Code   RO         1283    .text               mf_w.l(fflti.o)
    0x080006da   0x080006da   0x0000000a   Code   RO         1285    .text               mf_w.l(ffltui.o)
    0x080006e4   0x080006e4   0x00000022   Code   RO         1287    .text               mf_w.l(dflti.o)
    0x08000706   0x08000706   0x00000032   Code   RO         1291    .text               mf_w.l(ffixi.o)
    0x08000738   0x08000738   0x0000003e   Code   RO         1293    .text               mf_w.l(dfixi.o)
    0x08000776   0x08000776   0x00000026   Code   RO         1297    .text               mf_w.l(f2d.o)
    0x0800079c   0x0800079c   0x00000038   Code   RO         1299    .text               mf_w.l(d2f.o)
    0x080007d4   0x080007d4   0x0000002c   Code   RO         1361    .text               mc_w.l(uidiv.o)
    0x08000800   0x08000800   0x00000062   Code   RO         1363    .text               mc_w.l(uldiv.o)
    0x08000862   0x08000862   0x0000001e   Code   RO         1365    .text               mc_w.l(llshl.o)
    0x08000880   0x08000880   0x00000020   Code   RO         1367    .text               mc_w.l(llushr.o)
    0x080008a0   0x080008a0   0x00000024   Code   RO         1369    .text               mc_w.l(llsshr.o)
    0x080008c4   0x080008c4   0x000000a8   Code   RO         1378    .text               mc_w.l(strtod.o)
    0x0800096c   0x0800096c   0x00000000   Code   RO         1380    .text               mc_w.l(iusefp.o)
    0x0800096c   0x0800096c   0x0000006e   Code   RO         1381    .text               mf_w.l(fepilogue.o)
    0x080009da   0x080009da   0x00000018   Code   RO         1383    .text               mf_w.l(fscalb.o)
    0x080009f2   0x080009f2   0x0000003c   Code   RO         1385    .text               mf_w.l(frnd.o)
    0x08000a2e   0x08000a2e   0x000000ba   Code   RO         1387    .text               mf_w.l(depilogue.o)
    0x08000ae8   0x08000ae8   0x00000030   Code   RO         1391    .text               mf_w.l(dfixul.o)
    0x08000b18   0x08000b18   0x00000030   Code   RO         1395    .text               mf_w.l(cdrcmple.o)
    0x08000b48   0x08000b48   0x00000030   Code   RO         1401    .text               mc_w.l(init.o)
    0x08000b78   0x08000b78   0x0000000a   Code   RO         1403    .text               mc_w.l(isspace_c.o)
    0x08000b82   0x08000b82   0x00000002   PAD
    0x08000b84   0x08000b84   0x00000360   Code   RO         1405    .text               mc_w.l(scanf_fp.o)
    0x08000ee4   0x08000ee4   0x00000040   Code   RO         1409    .text               mc_w.l(_sgetc.o)
    0x08000f24   0x08000f24   0x00000028   Code   RO         1413    .text               mc_w.l(ctype_c.o)
    0x08000f4c   0x08000f4c   0x00000018   Code   RO         1416    .text               mf_w.l(dfltul.o)
    0x08000f64   0x08000f64   0x0000000c   Code   RO          365    .text.ADC1_2_IRQHandler  stm32f1xx_it.o
    0x08000f70   0x08000f70   0x00000054   Code   RO          403    .text.ADC_ConversionStop_Disable  stm32f1xx_hal_adc.o
    0x08000fc4   0x08000fc4   0x00000052   Code   RO          425    .text.ADC_DMAConvCplt  stm32f1xx_hal_adc.o
    0x08001016   0x08001016   0x00000002   PAD
    0x08001018   0x08001018   0x00000016   Code   RO          429    .text.ADC_DMAError  stm32f1xx_hal_adc.o
    0x0800102e   0x0800102e   0x00000002   PAD
    0x08001030   0x08001030   0x00000006   Code   RO          427    .text.ADC_DMAHalfConvCplt  stm32f1xx_hal_adc.o
    0x08001036   0x08001036   0x00000002   PAD
    0x08001038   0x08001038   0x000000ae   Code   RO          411    .text.ADC_Enable    stm32f1xx_hal_adc.o
    0x080010e6   0x080010e6   0x00000002   PAD
    0x080010e8   0x080010e8   0x0000003c   Code   RO          212    .text.AlarmConfig_Init  alarm_config.o
    0x08001124   0x08001124   0x00000350   Code   RO          228    .text.AlarmConfig_ParseCommand  alarm_config.o
    0x08001474   0x08001474   0x00000002   Code   RO          351    .text.BusFault_Handler  stm32f1xx_it.o
    0x08001476   0x08001476   0x00000002   PAD
    0x08001478   0x08001478   0x0000039c   Code   RO          256    .text.Check_Alarm   main.o
    0x08001814   0x08001814   0x0000000c   Code   RO          363    .text.DMA1_Channel1_IRQHandler  stm32f1xx_it.o
    0x08001820   0x08001820   0x00000180   Code   RO          108    .text.DS18B20_Check  ds18b20.o
    0x080019a0   0x080019a0   0x00000142   Code   RO          120    .text.DS18B20_Get_Temperature  ds18b20.o
    0x08001ae2   0x08001ae2   0x00000002   PAD
    0x08001ae4   0x08001ae4   0x0000005e   Code   RO          118    .text.DS18B20_Init  ds18b20.o
    0x08001b42   0x08001b42   0x00000002   PAD
    0x08001b44   0x08001b44   0x00000190   Code   RO          112    .text.DS18B20_Read_Bit  ds18b20.o
    0x08001cd4   0x08001cd4   0x0000011a   Code   RO          106    .text.DS18B20_Rst   ds18b20.o
    0x08001dee   0x08001dee   0x00000002   PAD
    0x08001df0   0x08001df0   0x000001f2   Code   RO          110    .text.DS18B20_Write_Byte  ds18b20.o
    0x08001fe2   0x08001fe2   0x00000002   PAD
    0x08001fe4   0x08001fe4   0x00000002   Code   RO          357    .text.DebugMon_Handler  stm32f1xx_it.o
    0x08001fe6   0x08001fe6   0x00000002   PAD
    0x08001fe8   0x08001fe8   0x000001b8   Code   RO          254    .text.Display_Update  main.o
    0x080021a0   0x080021a0   0x0000002c   Code   RO          274    .text.Error_Handler  main.o
    0x080021cc   0x080021cc   0x00000628   Code   RO          163    .text.FirePredictor_AnalyzeTrend  fire_prediction.o
    0x080027f4   0x080027f4   0x000003e4   Code   RO          159    .text.FirePredictor_CalculateRisk  fire_prediction.o
    0x08002bd8   0x08002bd8   0x0000000c   Code   RO          155    .text.FirePredictor_Init  fire_prediction.o
    0x08002be4   0x08002be4   0x0000013e   Code   RO          157    .text.FirePredictor_Update  fire_prediction.o
    0x08002d22   0x08002d22   0x00000002   PAD
    0x08002d24   0x08002d24   0x00000110   Code   RO          461    .text.HAL_ADCEx_Calibration_Start  stm32f1xx_hal_adc_ex.o
    0x08002e34   0x08002e34   0x00000002   Code   RO          481    .text.HAL_ADCEx_InjectedConvCpltCallback  stm32f1xx_hal_adc_ex.o
    0x08002e36   0x08002e36   0x00000002   PAD
    0x08002e38   0x08002e38   0x00000176   Code   RO          445    .text.HAL_ADC_ConfigChannel  stm32f1xx_hal_adc.o
    0x08002fae   0x08002fae   0x00000002   PAD
    0x08002fb0   0x08002fb0   0x00000028   Code   RO          276    .text.HAL_ADC_ConvCpltCallback  main.o
    0x08002fd8   0x08002fd8   0x00000002   Code   RO          441    .text.HAL_ADC_ConvHalfCpltCallback  stm32f1xx_hal_adc.o
    0x08002fda   0x08002fda   0x00000002   PAD
    0x08002fdc   0x08002fdc   0x00000002   Code   RO          443    .text.HAL_ADC_ErrorCallback  stm32f1xx_hal_adc.o
    0x08002fde   0x08002fde   0x00000002   PAD
    0x08002fe0   0x08002fe0   0x000000ee   Code   RO          435    .text.HAL_ADC_IRQHandler  stm32f1xx_hal_adc.o
    0x080030ce   0x080030ce   0x00000002   PAD
    0x080030d0   0x080030d0   0x00000160   Code   RO          399    .text.HAL_ADC_Init  stm32f1xx_hal_adc.o
    0x08003230   0x08003230   0x00000002   Code   RO          439    .text.HAL_ADC_LevelOutOfWindowCallback  stm32f1xx_hal_adc.o
    0x08003232   0x08003232   0x00000002   PAD
    0x08003234   0x08003234   0x000000b2   Code   RO          307    .text.HAL_ADC_MspInit  adc.o
    0x080032e6   0x080032e6   0x00000002   PAD
    0x080032e8   0x080032e8   0x0000011c   Code   RO          423    .text.HAL_ADC_Start_DMA  stm32f1xx_hal_adc.o
    0x08003404   0x08003404   0x00000046   Code   RO          639    .text.HAL_DMA_Abort  stm32f1xx_hal_dma.o
    0x0800344a   0x0800344a   0x00000002   PAD
    0x0800344c   0x0800344c   0x000000b4   Code   RO          641    .text.HAL_DMA_Abort_IT  stm32f1xx_hal_dma.o
    0x08003500   0x08003500   0x000001a0   Code   RO          645    .text.HAL_DMA_IRQHandler  stm32f1xx_hal_dma.o
    0x080036a0   0x080036a0   0x00000086   Code   RO          631    .text.HAL_DMA_Init  stm32f1xx_hal_dma.o
    0x08003726   0x08003726   0x00000002   PAD
    0x08003728   0x08003728   0x000000a0   Code   RO          637    .text.HAL_DMA_Start_IT  stm32f1xx_hal_dma.o
    0x080037c8   0x080037c8   0x00000028   Code   RO          515    .text.HAL_Delay     stm32f1xx_hal.o
    0x080037f0   0x080037f0   0x0000020e   Code   RO          607    .text.HAL_GPIO_Init  stm32f1xx_hal_gpio.o
    0x080039fe   0x080039fe   0x00000002   PAD
    0x08003a00   0x08003a00   0x0000000a   Code   RO          611    .text.HAL_GPIO_ReadPin  stm32f1xx_hal_gpio.o
    0x08003a0a   0x08003a0a   0x00000002   PAD
    0x08003a0c   0x08003a0c   0x00000010   Code   RO          615    .text.HAL_GPIO_TogglePin  stm32f1xx_hal_gpio.o
    0x08003a1c   0x08003a1c   0x0000000a   Code   RO          613    .text.HAL_GPIO_WritePin  stm32f1xx_hal_gpio.o
    0x08003a26   0x08003a26   0x00000002   PAD
    0x08003a28   0x08003a28   0x0000000c   Code   RO          507    .text.HAL_GetTick   stm32f1xx_hal.o
    0x08003a34   0x08003a34   0x0000001a   Code   RO          505    .text.HAL_IncTick   stm32f1xx_hal.o
    0x08003a4e   0x08003a4e   0x00000002   PAD
    0x08003a50   0x08003a50   0x00000026   Code   RO          495    .text.HAL_Init      stm32f1xx_hal.o
    0x08003a76   0x08003a76   0x00000002   PAD
    0x08003a78   0x08003a78   0x00000048   Code   RO          497    .text.HAL_InitTick  stm32f1xx_hal.o
    0x08003ac0   0x08003ac0   0x00000042   Code   RO          376    .text.HAL_MspInit   stm32f1xx_hal_msp.o
    0x08003b02   0x08003b02   0x00000002   PAD
    0x08003b04   0x08003b04   0x00000022   Code   RO          667    .text.HAL_NVIC_EnableIRQ  stm32f1xx_hal_cortex.o
    0x08003b26   0x08003b26   0x00000002   PAD
    0x08003b28   0x08003b28   0x00000056   Code   RO          665    .text.HAL_NVIC_SetPriority  stm32f1xx_hal_cortex.o
    0x08003b7e   0x08003b7e   0x00000002   PAD
    0x08003b80   0x08003b80   0x00000020   Code   RO          663    .text.HAL_NVIC_SetPriorityGrouping  stm32f1xx_hal_cortex.o
    0x08003ba0   0x08003ba0   0x000000f8   Code   RO          597    .text.HAL_RCCEx_GetPeriphCLKFreq  stm32f1xx_hal_rcc_ex.o
    0x08003c98   0x08003c98   0x00000102   Code   RO          593    .text.HAL_RCCEx_PeriphCLKConfig  stm32f1xx_hal_rcc_ex.o
    0x08003d9a   0x08003d9a   0x00000002   PAD
    0x08003d9c   0x08003d9c   0x000001c2   Code   RO          559    .text.HAL_RCC_ClockConfig  stm32f1xx_hal_rcc.o
    0x08003f5e   0x08003f5e   0x00000002   PAD
    0x08003f60   0x08003f60   0x00000026   Code   RO          571    .text.HAL_RCC_GetPCLK1Freq  stm32f1xx_hal_rcc.o
    0x08003f86   0x08003f86   0x00000002   PAD
    0x08003f88   0x08003f88   0x00000026   Code   RO          573    .text.HAL_RCC_GetPCLK2Freq  stm32f1xx_hal_rcc.o
    0x08003fae   0x08003fae   0x00000002   PAD
    0x08003fb0   0x08003fb0   0x00000400   Code   RO          557    .text.HAL_RCC_OscConfig  stm32f1xx_hal_rcc.o
    0x080043b0   0x080043b0   0x0000002c   Code   RO          675    .text.HAL_SYSTICK_Config  stm32f1xx_hal_cortex.o
    0x080043dc   0x080043dc   0x00000002   Code   RO          912    .text.HAL_UARTEx_RxEventCallback  stm32f1xx_hal_uart.o
    0x080043de   0x080043de   0x00000002   PAD
    0x080043e0   0x080043e0   0x00000060   Code   RO          270    .text.HAL_UART_ErrorCallback  main.o
    0x08004440   0x08004440   0x00000570   Code   RO          904    .text.HAL_UART_IRQHandler  stm32f1xx_hal_uart.o
    0x080049b0   0x080049b0   0x000000e2   Code   RO          828    .text.HAL_UART_Init  stm32f1xx_hal_uart.o
    0x08004a92   0x08004a92   0x00000002   PAD
    0x08004a94   0x08004a94   0x0000008a   Code   RO          332    .text.HAL_UART_MspInit  usart.o
    0x08004b1e   0x08004b1e   0x00000002   PAD
    0x08004b20   0x08004b20   0x00000054   Code   RO          848    .text.HAL_UART_Receive_IT  stm32f1xx_hal_uart.o
    0x08004b74   0x08004b74   0x00000090   Code   RO          268    .text.HAL_UART_RxCpltCallback  main.o
    0x08004c04   0x08004c04   0x00000178   Code   RO          842    .text.HAL_UART_Transmit  stm32f1xx_hal_uart.o
    0x08004d7c   0x08004d7c   0x00000002   Code   RO          914    .text.HAL_UART_TxCpltCallback  stm32f1xx_hal_uart.o
    0x08004d7e   0x08004d7e   0x00000002   PAD
    0x08004d80   0x08004d80   0x00000002   Code   RO          347    .text.HardFault_Handler  stm32f1xx_it.o
    0x08004d82   0x08004d82   0x00000002   PAD
    0x08004d84   0x08004d84   0x0000007e   Code   RO          305    .text.MX_ADC1_Init  adc.o
    0x08004e02   0x08004e02   0x00000002   PAD
    0x08004e04   0x08004e04   0x00000034   Code   RO          321    .text.MX_DMA_Init   dma.o
    0x08004e38   0x08004e38   0x000000c8   Code   RO          295    .text.MX_GPIO_Init  gpio.o
    0x08004f00   0x08004f00   0x0000003c   Code   RO          330    .text.MX_USART1_UART_Init  usart.o
    0x08004f3c   0x08004f3c   0x00000002   Code   RO          349    .text.MemManage_Handler  stm32f1xx_it.o
    0x08004f3e   0x08004f3e   0x00000002   PAD
    0x08004f40   0x08004f40   0x00000002   Code   RO          345    .text.NMI_Handler   stm32f1xx_it.o
    0x08004f42   0x08004f42   0x00000002   PAD
    0x08004f44   0x08004f44   0x00000014   Code   RO           29    .text.OLED_Clear    oled.o
    0x08004f58   0x08004f58   0x00000120   Code   RO           15    .text.OLED_GPIO_Init  oled.o
    0x08005078   0x08005078   0x0000020c   Code   RO           21    .text.OLED_I2C_SendByte  oled.o
    0x08005284   0x08005284   0x00000190   Code   RO           17    .text.OLED_I2C_Start  oled.o
    0x08005414   0x08005414   0x00000130   Code   RO           19    .text.OLED_I2C_Stop  oled.o
    0x08005544   0x08005544   0x00000274   Code   RO           27    .text.OLED_Init     oled.o
    0x080057b8   0x080057b8   0x00000062   Code   RO           33    .text.OLED_SetCursor  oled.o
    0x0800581a   0x0800581a   0x00000002   PAD
    0x0800581c   0x0800581c   0x000001e6   Code   RO           51    .text.OLED_ShowImage  oled.o
    0x08005a02   0x08005a02   0x00000002   PAD
    0x08005a04   0x08005a04   0x000000c0   Code   RO           53    .text.OLED_ShowString  oled.o
    0x08005ac4   0x08005ac4   0x0000026a   Code   RO           31    .text.OLED_Update   oled.o
    0x08005d2e   0x08005d2e   0x00000002   PAD
    0x08005d30   0x08005d30   0x00000002   Code   RO          359    .text.PendSV_Handler  stm32f1xx_it.o
    0x08005d32   0x08005d32   0x00000002   PAD
    0x08005d34   0x08005d34   0x00000304   Code   RO          260    .text.ProcessSerialCommand  main.o
    0x08006038   0x08006038   0x00000002   Code   RO          355    .text.SVC_Handler   stm32f1xx_it.o
    0x0800603a   0x0800603a   0x00000002   PAD
    0x0800603c   0x0800603c   0x0000001e   Code   RO          133    .text.Sensors_Init  sensors.o
    0x0800605a   0x0800605a   0x00000002   PAD
    0x0800605c   0x0800605c   0x0000030c   Code   RO          252    .text.Sensors_Read  main.o
    0x08006368   0x08006368   0x00000004   Code   RO          361    .text.SysTick_Handler  stm32f1xx_it.o
    0x0800636c   0x0800636c   0x000000e4   Code   RO          248    .text.SystemClock_Config  main.o
    0x08006450   0x08006450   0x00000002   Code   RO          948    .text.SystemInit    system_stm32f1xx.o
    0x08006452   0x08006452   0x00000002   PAD
    0x08006454   0x08006454   0x00000190   Code   RO          250    .text.System_Init   main.o
    0x080065e4   0x080065e4   0x0000000c   Code   RO          908    .text.UART_DMAAbortOnError  stm32f1xx_hal_uart.o
    0x080065f0   0x080065f0   0x000000fe   Code   RO          906    .text.UART_Receive_IT  stm32f1xx_hal_uart.o
    0x080066ee   0x080066ee   0x00000002   PAD
    0x080066f0   0x080066f0   0x0000000c   Code   RO          367    .text.USART1_IRQHandler  stm32f1xx_it.o
    0x080066fc   0x080066fc   0x00000002   Code   RO          353    .text.UsageFault_Handler  stm32f1xx_it.o
    0x080066fe   0x080066fe   0x00000002   PAD
    0x08006700   0x08006700   0x0000001e   Code   RO          272    .text.fputc         main.o
    0x0800671e   0x0800671e   0x00000002   PAD
    0x08006720   0x08006720   0x000001dc   Code   RO          246    .text.main          main.o
    0x080068fc   0x080068fc   0x00000020   Code   RO         1229    i.__0printf         mc_w.l(printfa.o)
    0x0800691c   0x0800691c   0x00000028   Code   RO         1231    i.__0sprintf        mc_w.l(printfa.o)
    0x08006944   0x08006944   0x00000026   Code   RO         1320    i.__ARM_fpclassifyf  m_ws.l(fpclassifyf.o)
    0x0800696a   0x0800696a   0x00000006   Code   RO         1323    i.__mathlib_flt_infnan  m_ws.l(funder.o)
    0x08006970   0x08006970   0x0000000a   Code   RO         1326    i.__mathlib_flt_overflow  m_ws.l(funder.o)
    0x0800697a   0x0800697a   0x0000000a   Code   RO         1328    i.__mathlib_flt_underflow  m_ws.l(funder.o)
    0x08006984   0x08006984   0x0000000c   Code   RO         1372    i.__read_errno      mc_w.l(errno.o)
    0x08006990   0x08006990   0x0000000e   Code   RO         1420    i.__scatterload_copy  mc_w.l(handlers.o)
    0x0800699e   0x0800699e   0x00000002   Code   RO         1421    i.__scatterload_null  mc_w.l(handlers.o)
    0x080069a0   0x080069a0   0x0000000e   Code   RO         1422    i.__scatterload_zeroinit  mc_w.l(handlers.o)
    0x080069ae   0x080069ae   0x00000002   PAD
    0x080069b0   0x080069b0   0x0000000c   Code   RO         1373    i.__set_errno       mc_w.l(errno.o)
    0x080069bc   0x080069bc   0x00000184   Code   RO         1236    i._fp_digits        mc_w.l(printfa.o)
    0x08006b40   0x08006b40   0x0000000e   Code   RO         1407    i._is_digit         mc_w.l(scanf_fp.o)
    0x08006b4e   0x08006b4e   0x00000002   PAD
    0x08006b50   0x08006b50   0x000006dc   Code   RO         1237    i._printf_core      mc_w.l(printfa.o)
    0x0800722c   0x0800722c   0x00000024   Code   RO         1238    i._printf_post_padding  mc_w.l(printfa.o)
    0x08007250   0x08007250   0x0000002e   Code   RO         1239    i._printf_pre_padding  mc_w.l(printfa.o)
    0x0800727e   0x0800727e   0x0000000a   Code   RO         1241    i._sputc            mc_w.l(printfa.o)
    0x08007288   0x08007288   0x0000002c   Code   RO          967    i.atof              m_ws.l(atof.o)
    0x080072b4   0x080072b4   0x00000174   Code   RO          971    i.expf              m_ws.l(expf.o)
    0x08007428   0x08007428   0x00000024   Code   RO          980    i.puts              mc_w.l(puts.o)
    0x0800744c   0x0800744c   0x00000030   Data   RO          972    .constdata          m_ws.l(expf.o)
    0x0800747c   0x0800747c   0x00000040   Data   RO         1414    .constdata          mc_w.l(ctype_c.o)
    0x080074bc   0x080074bc   0x00000014   Data   RO          283    .rodata..L__const.Check_Alarm.alarmLevelNames  main.o
    0x080074d0   0x080074d0   0x00000014   Data   RO          285    .rodata..L__const.ProcessSerialCommand.response  main.o
    0x080074e4   0x080074e4   0x00000010   Data   RO          953    .rodata.AHBPrescTable  system_stm32f1xx.o
    0x080074f4   0x080074f4   0x00000008   Data   RO          954    .rodata.APBPrescTable  system_stm32f1xx.o
    0x080074fc   0x080074fc   0x00000002   Data   RO          584    .rodata.HAL_RCC_GetSysClockFreq.aPredivFactorTable  stm32f1xx_hal_rcc.o
    0x080074fe   0x080074fe   0x0000023a   Data   RO           93    .rodata.OLED_F6x8   oled_data.o
    0x08007738   0x08007738   0x000005f0   Data   RO           92    .rodata.OLED_F8x16  oled_data.o
    0x08007d28   0x08007d28   0x00000010   Data   RO          583    .rodata.cst16       stm32f1xx_hal_rcc.o
    0x08007d38   0x08007d38   0x00000049   Data   RO          176    .rodata.str1.1      fire_prediction.o
    0x08007d81   0x08007d81   0x00000017   Data   RO          237    .rodata.str1.1      alarm_config.o
    0x08007d98   0x08007d98   0x00000270   Data   RO          281    .rodata.str1.1      main.o
    0x08008008   0x08008008   0x00000020   Data   RO         1419    Region$$Table       anon$$obj.o


    Execution Region RW_IRAM1 (Exec base: 0x20000000, Load base: 0x08008028, Size: 0x00000ca0, Max: 0x00005000, ABSOLUTE)

    Exec Addr    Load Addr    Size         Type   Attr      Idx    E Section Name        Object

    0x20000000   0x08008028   0x00000004   Data   RW         1351    .data               mc_w.l(stdout.o)
    0x20000004   0x0800802c   0x00000004   Data   RW         1374    .data               mc_w.l(errno.o)
    0x20000008   0x08008030   0x00000008   Data   RW          546    .data..L_MergedGlobals  stm32f1xx_hal.o
    0x20000010   0x08008038   0x00000004   Data   RW          952    .data.SystemCoreClock  system_stm32f1xx.o
    0x20000014   0x0800803c   0x00000004   PAD
    0x20000018        -       0x00000070   Zero   RW          286    .bss..L_MergedGlobals  main.o
    0x20000088        -       0x00000001   Zero   RW          124    .bss.DWT_Init.initialized  ds18b20.o
    0x20000089   0x0800803c   0x00000003   PAD
    0x2000008c        -       0x00000004   Zero   RW          175    .bss.FirePredictor_CalculateRisk.lastDebug  fire_prediction.o
    0x20000090        -       0x00000400   Zero   RW           83    .bss.OLED_DisplayBuf  oled.o
    0x20000490        -       0x0000001c   Zero   RW          236    .bss.g_alarmConfig  alarm_config.o
    0x200004ac        -       0x00000030   Zero   RW          311    .bss.hadc1          adc.o
    0x200004dc        -       0x00000044   Zero   RW          312    .bss.hdma_adc1      adc.o
    0x20000520        -       0x00000048   Zero   RW          336    .bss.huart1         usart.o
    0x20000568        -       0x00000334   Zero   RW          280    .bss.predictor      main.o
    0x2000089c        -       0x00000004   Zero   RW          545    .bss.uwTick         stm32f1xx_hal.o
    0x200008a0        -       0x00000400   Zero   RW            1    STACK               startup_stm32f103xb.o


==============================================================================

Image component sizes


      Code (inc. data)   RO Data    RW Data    ZI Data      Debug   Object Name

       304          0          0          0        116       5512   adc.o
       908         16         23          0         28       5389   alarm_config.o
        52          0          0          0          0       2156   dma.o
      1980          0          0          0          1       8248   ds18b20.o
      2902         52         73          0          4      11934   fire_prediction.o
       200          0          0          0          0       1780   gpio.o
      4374        876        664          0        932      15117   main.o
      3558          0          0          0       1024      56560   oled.o
         0          0       2090          0          0        573   oled_data.o
        30          0          0          0          0      10069   sensors.o
        36          8        236          0       1024        776   startup_stm32f103xb.o
       188          0          0          8          4       5733   stm32f1xx_hal.o
      1622          0          0          0          0      13567   stm32f1xx_hal_adc.o
       274          0          0          0          0      10042   stm32f1xx_hal_adc_ex.o
       196          0          0          0          0       8424   stm32f1xx_hal_cortex.o
       960          0          0          0          0       8463   stm32f1xx_hal_dma.o
       562         20          0          0          0       4606   stm32f1xx_hal_gpio.o
        66          0          0          0          0       1182   stm32f1xx_hal_msp.o
      1550          0         18          0          0       7914   stm32f1xx_hal_rcc.o
       506         20          0          0          0       3623   stm32f1xx_hal_rcc_ex.o
      2348          0          0          0          0      32499   stm32f1xx_hal_uart.o
        56          0          0          0          0       4908   stm32f1xx_it.o
         2          0         24          4          0       1571   system_stm32f1xx.o
       198          0          0          0         72       5631   usart.o

    ----------------------------------------------------------------------
     22972        992       3160         12       3212     226277   Object Totals
         0          0         32          0          0          0   (incl. Generated)
       100          0          0          0          7          0   (incl. Padding)

    ----------------------------------------------------------------------

      Code (inc. data)   RO Data    RW Data    ZI Data      Debug   Library Member Name

        44          0          0          0          0         84   atof.o
       372         46         48          0          0        168   expf.o
        38          0          0          0          0         68   fpclassifyf.o
        26          0          0          0          0        204   funder.o
        64          0          0          0          0         84   _sgetc.o
        40          6         64          0          0         68   ctype_c.o
         0          0          0          0          0          0   entry.o
         0          0          0          0          0          0   entry10a.o
         0          0          0          0          0          0   entry11a.o
         8          4          0          0          0          0   entry2.o
         4          0          0          0          0          0   entry5.o
         0          0          0          0          0          0   entry7b.o
         0          0          0          0          0          0   entry8b.o
         8          4          0          0          0          0   entry9a.o
        24         12          0          4          0        136   errno.o
        30          0          0          0          0          0   handlers.o
        48         10          0          0          0         68   init.o
        10          0          0          0          0         68   isspace_c.o
         0          0          0          0          0          0   iusefp.o
        30          0          0          0          0         68   llshl.o
        36          0          0          0          0         68   llsshr.o
        32          0          0          0          0         68   llushr.o
        26          0          0          0          0         80   memcmp.o
        36          0          0          0          0        108   memseta.o
      2308         96          0          0          0        604   printfa.o
        36          6          0          0          0         80   puts.o
       878         12          0          0          0        216   scanf_fp.o
         0          0          0          4          0          0   stdout.o
        20          0          0          0          0         68   strchr.o
        28          0          0          0          0         76   strcmp.o
        14          0          0          0          0         68   strlen.o
        24          0          0          0          0         76   strncpy.o
       168         12          0          0          0        124   strtod.o
        44          0          0          0          0         80   uidiv.o
        98          0          0          0          0         92   uldiv.o
        48          0          0          0          0         68   cdrcmple.o
        56          0          0          0          0         88   d2f.o
       334          0          0          0          0        148   dadd.o
       222          0          0          0          0        100   ddiv.o
       186          0          0          0          0        176   depilogue.o
        62          0          0          0          0         80   dfixi.o
        48          0          0          0          0         68   dfixul.o
        34          0          0          0          0         76   dflti.o
        24          0          0          0          0         76   dfltul.o
       228          0          0          0          0         96   dmul.o
        38          0          0          0          0         68   f2d.o
       176          0          0          0          0        140   fadd.o
        28          0          0          0          0         68   fcmpge.o
        28          0          0          0          0         68   fcmpgt.o
        28          0          0          0          0         68   fcmple.o
        28          0          0          0          0         68   fcmplt.o
       124          0          0          0          0         88   fdiv.o
       110          0          0          0          0        168   fepilogue.o
        50          0          0          0          0         68   ffixi.o
        18          0          0          0          0         68   fflti.o
        10          0          0          0          0         68   ffltui.o
       100          0          0          0          0         76   fmul.o
        60          0          0          0          0         76   frnd.o
        24          0          0          0          0         68   fscalb.o

    ----------------------------------------------------------------------
      6564        208        112          8          0       4960   Library Totals
         6          0          0          0          0          0   (incl. Padding)

    ----------------------------------------------------------------------

      Code (inc. data)   RO Data    RW Data    ZI Data      Debug   Library Name

       480         46         48          0          0        524   m_ws.l
      4014        162         64          8          0       2300   mc_w.l
      2064          0          0          0          0       2136   mf_w.l

    ----------------------------------------------------------------------
      6564        208        112          8          0       4960   Library Totals

    ----------------------------------------------------------------------

==============================================================================


      Code (inc. data)   RO Data    RW Data    ZI Data      Debug   

     29536       1200       3272         20       3212     228161   Grand Totals
     29536       1200       3272         20       3212     228161   ELF Image Totals
     29536       1200       3272         20          0          0   ROM Totals

==============================================================================

    Total RO  Size (Code + RO Data)                32808 (  32.04kB)
    Total RW  Size (RW Data + ZI Data)              3232 (   3.16kB)
    Total ROM Size (Code + RO Data + RW Data)      32828 (  32.06kB)

==============================================================================

